Component: ARM Compiler 6.12 Tool: armlink [5d624300]

==============================================================================

Section Cross References

    main.o(.text.main) refers to main.o(.text.wk_system_clock_config) for wk_system_clock_config
    main.o(.text.main) refers to main.o(.text.wk_periph_clock_config) for wk_periph_clock_config
    main.o(.ARM.exidx.text.main) refers to main.o(.text.main) for [Anonymous Symbol]
    main.o(.text.wk_system_clock_config) refers to at32f413_crm.o(.text.crm_reset) for crm_reset
    main.o(.text.wk_system_clock_config) refers to at32f413_crm.o(.text.crm_clock_source_enable) for crm_clock_source_enable
    main.o(.text.wk_system_clock_config) refers to at32f413_crm.o(.text.crm_flag_get) for crm_flag_get
    main.o(.text.wk_system_clock_config) refers to at32f413_crm.o(.text.crm_hext_stable_wait) for crm_hext_stable_wait
    main.o(.text.wk_system_clock_config) refers to at32f413_crm.o(.text.crm_pll_config) for crm_pll_config
    main.o(.text.wk_system_clock_config) refers to at32f413_crm.o(.text.crm_ahb_div_set) for crm_ahb_div_set
    main.o(.text.wk_system_clock_config) refers to at32f413_crm.o(.text.crm_apb2_div_set) for crm_apb2_div_set
    main.o(.text.wk_system_clock_config) refers to at32f413_crm.o(.text.crm_apb1_div_set) for crm_apb1_div_set
    main.o(.text.wk_system_clock_config) refers to at32f413_crm.o(.text.crm_auto_step_mode_enable) for crm_auto_step_mode_enable
    main.o(.text.wk_system_clock_config) refers to at32f413_crm.o(.text.crm_sysclk_switch) for crm_sysclk_switch
    main.o(.text.wk_system_clock_config) refers to at32f413_crm.o(.text.crm_sysclk_switch_status_get) for crm_sysclk_switch_status_get
    main.o(.text.wk_system_clock_config) refers to system_at32f413.o(.text.system_core_clock_update) for system_core_clock_update
    main.o(.ARM.exidx.text.wk_system_clock_config) refers to main.o(.text.wk_system_clock_config) for [Anonymous Symbol]
    main.o(.text.wk_periph_clock_config) refers to at32f413_crm.o(.text.crm_periph_clock_enable) for crm_periph_clock_enable
    main.o(.ARM.exidx.text.wk_periph_clock_config) refers to main.o(.text.wk_periph_clock_config) for [Anonymous Symbol]
    main.o(.text.i2c_lowlevel_init) refers to at32f413_gpio.o(.text.gpio_default_para_init) for gpio_default_para_init
    main.o(.text.i2c_lowlevel_init) refers to at32f413_gpio.o(.text.gpio_init) for gpio_init
    main.o(.text.i2c_lowlevel_init) refers to at32f413_i2c.o(.text.i2c_init) for i2c_init
    main.o(.text.i2c_lowlevel_init) refers to at32f413_i2c.o(.text.i2c_own_address1_set) for i2c_own_address1_set
    main.o(.text.i2c_lowlevel_init) refers to at32f413_i2c.o(.text.i2c_ack_enable) for i2c_ack_enable
    main.o(.text.i2c_lowlevel_init) refers to at32f413_i2c.o(.text.i2c_clock_stretch_enable) for i2c_clock_stretch_enable
    main.o(.text.i2c_lowlevel_init) refers to at32f413_i2c.o(.text.i2c_general_call_enable) for i2c_general_call_enable
    main.o(.text.i2c_lowlevel_init) refers to at32f413_i2c.o(.text.i2c_enable) for i2c_enable
    main.o(.ARM.exidx.text.i2c_lowlevel_init) refers to main.o(.text.i2c_lowlevel_init) for [Anonymous Symbol]
    main.o(.text.ssd1306_WriteCommand) refers to at32f413_i2c.o(.text.i2c_7bit_address_send) for i2c_7bit_address_send
    main.o(.text.ssd1306_WriteCommand) refers to at32f413_i2c.o(.text.i2c_data_send) for i2c_data_send
    main.o(.ARM.exidx.text.ssd1306_WriteCommand) refers to main.o(.text.ssd1306_WriteCommand) for [Anonymous Symbol]
    i2c_application.o(.ARM.exidx.text.i2c_lowlevel_init) refers to i2c_application.o(.text.i2c_lowlevel_init) for [Anonymous Symbol]
    i2c_application.o(.text.i2c_config) refers to at32f413_i2c.o(.text.i2c_reset) for i2c_reset
    i2c_application.o(.text.i2c_config) refers to main.o(.text.i2c_lowlevel_init) for i2c_lowlevel_init
    i2c_application.o(.text.i2c_config) refers to at32f413_i2c.o(.text.i2c_enable) for i2c_enable
    i2c_application.o(.ARM.exidx.text.i2c_config) refers to i2c_application.o(.text.i2c_config) for [Anonymous Symbol]
    i2c_application.o(.ARM.exidx.text.i2c_wait_end) refers to i2c_application.o(.text.i2c_wait_end) for [Anonymous Symbol]
    i2c_application.o(.text.i2c_wait_flag) refers to at32f413_i2c.o(.text.i2c_flag_get) for i2c_flag_get
    i2c_application.o(.text.i2c_wait_flag) refers to at32f413_i2c.o(.text.i2c_stop_generate) for i2c_stop_generate
    i2c_application.o(.text.i2c_wait_flag) refers to at32f413_i2c.o(.text.i2c_flag_clear) for i2c_flag_clear
    i2c_application.o(.ARM.exidx.text.i2c_wait_flag) refers to i2c_application.o(.text.i2c_wait_flag) for [Anonymous Symbol]
    i2c_application.o(.text.i2c_dma_config) refers to at32f413_dma.o(.text.dma_channel_enable) for dma_channel_enable
    i2c_application.o(.text.i2c_dma_config) refers to at32f413_dma.o(.text.dma_interrupt_enable) for dma_interrupt_enable
    i2c_application.o(.text.i2c_dma_config) refers to at32f413_dma.o(.text.dma_init) for dma_init
    i2c_application.o(.ARM.exidx.text.i2c_dma_config) refers to i2c_application.o(.text.i2c_dma_config) for [Anonymous Symbol]
    i2c_application.o(.text.i2c_master_write_addr) refers to at32f413_i2c.o(.text.i2c_start_generate) for i2c_start_generate
    i2c_application.o(.text.i2c_master_write_addr) refers to i2c_application.o(.text.i2c_wait_flag) for i2c_wait_flag
    i2c_application.o(.text.i2c_master_write_addr) refers to at32f413_i2c.o(.text.i2c_7bit_address_send) for i2c_7bit_address_send
    i2c_application.o(.text.i2c_master_write_addr) refers to at32f413_i2c.o(.text.i2c_data_send) for i2c_data_send
    i2c_application.o(.ARM.exidx.text.i2c_master_write_addr) refers to i2c_application.o(.text.i2c_master_write_addr) for [Anonymous Symbol]
    i2c_application.o(.text.i2c_master_read_addr) refers to at32f413_i2c.o(.text.i2c_ack_enable) for i2c_ack_enable
    i2c_application.o(.text.i2c_master_read_addr) refers to at32f413_i2c.o(.text.i2c_start_generate) for i2c_start_generate
    i2c_application.o(.text.i2c_master_read_addr) refers to i2c_application.o(.text.i2c_wait_flag) for i2c_wait_flag
    i2c_application.o(.text.i2c_master_read_addr) refers to at32f413_i2c.o(.text.i2c_7bit_address_send) for i2c_7bit_address_send
    i2c_application.o(.text.i2c_master_read_addr) refers to at32f413_i2c.o(.text.i2c_data_send) for i2c_data_send
    i2c_application.o(.text.i2c_master_read_addr) refers to at32f413_i2c.o(.text.i2c_flag_clear) for i2c_flag_clear
    i2c_application.o(.ARM.exidx.text.i2c_master_read_addr) refers to i2c_application.o(.text.i2c_master_read_addr) for [Anonymous Symbol]
    i2c_application.o(.text.i2c_master_transmit) refers to i2c_application.o(.text.i2c_wait_flag) for i2c_wait_flag
    i2c_application.o(.text.i2c_master_transmit) refers to at32f413_i2c.o(.text.i2c_master_receive_ack_set) for i2c_master_receive_ack_set
    i2c_application.o(.text.i2c_master_transmit) refers to i2c_application.o(.text.i2c_master_write_addr) for i2c_master_write_addr
    i2c_application.o(.text.i2c_master_transmit) refers to at32f413_i2c.o(.text.i2c_stop_generate) for i2c_stop_generate
    i2c_application.o(.text.i2c_master_transmit) refers to at32f413_i2c.o(.text.i2c_flag_clear) for i2c_flag_clear
    i2c_application.o(.text.i2c_master_transmit) refers to at32f413_i2c.o(.text.i2c_data_send) for i2c_data_send
    i2c_application.o(.ARM.exidx.text.i2c_master_transmit) refers to i2c_application.o(.text.i2c_master_transmit) for [Anonymous Symbol]
    i2c_application.o(.text.i2c_slave_receive) refers to i2c_application.o(.text.i2c_wait_flag) for i2c_wait_flag
    i2c_application.o(.text.i2c_slave_receive) refers to at32f413_i2c.o(.text.i2c_master_receive_ack_set) for i2c_master_receive_ack_set
    i2c_application.o(.text.i2c_slave_receive) refers to at32f413_i2c.o(.text.i2c_ack_enable) for i2c_ack_enable
    i2c_application.o(.text.i2c_slave_receive) refers to at32f413_i2c.o(.text.i2c_flag_clear) for i2c_flag_clear
    i2c_application.o(.text.i2c_slave_receive) refers to at32f413_i2c.o(.text.i2c_data_receive) for i2c_data_receive
    i2c_application.o(.ARM.exidx.text.i2c_slave_receive) refers to i2c_application.o(.text.i2c_slave_receive) for [Anonymous Symbol]
    i2c_application.o(.text.i2c_master_receive) refers to i2c_application.o(.text.i2c_wait_flag) for i2c_wait_flag
    i2c_application.o(.text.i2c_master_receive) refers to at32f413_i2c.o(.text.i2c_master_receive_ack_set) for i2c_master_receive_ack_set
    i2c_application.o(.text.i2c_master_receive) refers to at32f413_i2c.o(.text.i2c_ack_enable) for i2c_ack_enable
    i2c_application.o(.text.i2c_master_receive) refers to i2c_application.o(.text.i2c_master_read_addr) for i2c_master_read_addr
    i2c_application.o(.text.i2c_master_receive) refers to at32f413_i2c.o(.text.i2c_stop_generate) for i2c_stop_generate
    i2c_application.o(.text.i2c_master_receive) refers to at32f413_i2c.o(.text.i2c_flag_clear) for i2c_flag_clear
    i2c_application.o(.text.i2c_master_receive) refers to at32f413_i2c.o(.text.i2c_data_receive) for i2c_data_receive
    i2c_application.o(.ARM.exidx.text.i2c_master_receive) refers to i2c_application.o(.text.i2c_master_receive) for [Anonymous Symbol]
    i2c_application.o(.text.i2c_slave_transmit) refers to i2c_application.o(.text.i2c_wait_flag) for i2c_wait_flag
    i2c_application.o(.text.i2c_slave_transmit) refers to at32f413_i2c.o(.text.i2c_master_receive_ack_set) for i2c_master_receive_ack_set
    i2c_application.o(.text.i2c_slave_transmit) refers to at32f413_i2c.o(.text.i2c_ack_enable) for i2c_ack_enable
    i2c_application.o(.text.i2c_slave_transmit) refers to at32f413_i2c.o(.text.i2c_flag_clear) for i2c_flag_clear
    i2c_application.o(.text.i2c_slave_transmit) refers to at32f413_i2c.o(.text.i2c_data_send) for i2c_data_send
    i2c_application.o(.ARM.exidx.text.i2c_slave_transmit) refers to i2c_application.o(.text.i2c_slave_transmit) for [Anonymous Symbol]
    i2c_application.o(.text.i2c_master_transmit_int) refers to i2c_application.o(.text.i2c_wait_flag) for i2c_wait_flag
    i2c_application.o(.text.i2c_master_transmit_int) refers to at32f413_i2c.o(.text.i2c_master_receive_ack_set) for i2c_master_receive_ack_set
    i2c_application.o(.text.i2c_master_transmit_int) refers to i2c_application.o(.text.i2c_master_write_addr) for i2c_master_write_addr
    i2c_application.o(.text.i2c_master_transmit_int) refers to at32f413_i2c.o(.text.i2c_stop_generate) for i2c_stop_generate
    i2c_application.o(.text.i2c_master_transmit_int) refers to at32f413_i2c.o(.text.i2c_flag_clear) for i2c_flag_clear
    i2c_application.o(.text.i2c_master_transmit_int) refers to at32f413_i2c.o(.text.i2c_interrupt_enable) for i2c_interrupt_enable
    i2c_application.o(.ARM.exidx.text.i2c_master_transmit_int) refers to i2c_application.o(.text.i2c_master_transmit_int) for [Anonymous Symbol]
    i2c_application.o(.text.i2c_slave_receive_int) refers to i2c_application.o(.text.i2c_wait_flag) for i2c_wait_flag
    i2c_application.o(.text.i2c_slave_receive_int) refers to at32f413_i2c.o(.text.i2c_master_receive_ack_set) for i2c_master_receive_ack_set
    i2c_application.o(.text.i2c_slave_receive_int) refers to at32f413_i2c.o(.text.i2c_ack_enable) for i2c_ack_enable
    i2c_application.o(.text.i2c_slave_receive_int) refers to at32f413_i2c.o(.text.i2c_interrupt_enable) for i2c_interrupt_enable
    i2c_application.o(.ARM.exidx.text.i2c_slave_receive_int) refers to i2c_application.o(.text.i2c_slave_receive_int) for [Anonymous Symbol]
    i2c_application.o(.text.i2c_master_receive_int) refers to i2c_application.o(.text.i2c_wait_flag) for i2c_wait_flag
    i2c_application.o(.text.i2c_master_receive_int) refers to at32f413_i2c.o(.text.i2c_master_receive_ack_set) for i2c_master_receive_ack_set
    i2c_application.o(.text.i2c_master_receive_int) refers to at32f413_i2c.o(.text.i2c_ack_enable) for i2c_ack_enable
    i2c_application.o(.text.i2c_master_receive_int) refers to i2c_application.o(.text.i2c_master_read_addr) for i2c_master_read_addr
    i2c_application.o(.text.i2c_master_receive_int) refers to at32f413_i2c.o(.text.i2c_stop_generate) for i2c_stop_generate
    i2c_application.o(.text.i2c_master_receive_int) refers to at32f413_i2c.o(.text.i2c_flag_clear) for i2c_flag_clear
    i2c_application.o(.text.i2c_master_receive_int) refers to at32f413_i2c.o(.text.i2c_interrupt_enable) for i2c_interrupt_enable
    i2c_application.o(.ARM.exidx.text.i2c_master_receive_int) refers to i2c_application.o(.text.i2c_master_receive_int) for [Anonymous Symbol]
    i2c_application.o(.text.i2c_slave_transmit_int) refers to i2c_application.o(.text.i2c_wait_flag) for i2c_wait_flag
    i2c_application.o(.text.i2c_slave_transmit_int) refers to at32f413_i2c.o(.text.i2c_master_receive_ack_set) for i2c_master_receive_ack_set
    i2c_application.o(.text.i2c_slave_transmit_int) refers to at32f413_i2c.o(.text.i2c_ack_enable) for i2c_ack_enable
    i2c_application.o(.text.i2c_slave_transmit_int) refers to at32f413_i2c.o(.text.i2c_interrupt_enable) for i2c_interrupt_enable
    i2c_application.o(.ARM.exidx.text.i2c_slave_transmit_int) refers to i2c_application.o(.text.i2c_slave_transmit_int) for [Anonymous Symbol]
    i2c_application.o(.text.i2c_master_transmit_dma) refers to i2c_application.o(.text.i2c_wait_flag) for i2c_wait_flag
    i2c_application.o(.text.i2c_master_transmit_dma) refers to at32f413_i2c.o(.text.i2c_master_receive_ack_set) for i2c_master_receive_ack_set
    i2c_application.o(.text.i2c_master_transmit_dma) refers to at32f413_i2c.o(.text.i2c_dma_enable) for i2c_dma_enable
    i2c_application.o(.text.i2c_master_transmit_dma) refers to i2c_application.o(.text.i2c_dma_config) for i2c_dma_config
    i2c_application.o(.text.i2c_master_transmit_dma) refers to i2c_application.o(.text.i2c_master_write_addr) for i2c_master_write_addr
    i2c_application.o(.text.i2c_master_transmit_dma) refers to at32f413_i2c.o(.text.i2c_stop_generate) for i2c_stop_generate
    i2c_application.o(.text.i2c_master_transmit_dma) refers to at32f413_i2c.o(.text.i2c_flag_clear) for i2c_flag_clear
    i2c_application.o(.ARM.exidx.text.i2c_master_transmit_dma) refers to i2c_application.o(.text.i2c_master_transmit_dma) for [Anonymous Symbol]
    i2c_application.o(.text.i2c_slave_receive_dma) refers to i2c_application.o(.text.i2c_wait_flag) for i2c_wait_flag
    i2c_application.o(.text.i2c_slave_receive_dma) refers to at32f413_i2c.o(.text.i2c_master_receive_ack_set) for i2c_master_receive_ack_set
    i2c_application.o(.text.i2c_slave_receive_dma) refers to at32f413_i2c.o(.text.i2c_ack_enable) for i2c_ack_enable
    i2c_application.o(.text.i2c_slave_receive_dma) refers to at32f413_i2c.o(.text.i2c_dma_enable) for i2c_dma_enable
    i2c_application.o(.text.i2c_slave_receive_dma) refers to i2c_application.o(.text.i2c_dma_config) for i2c_dma_config
    i2c_application.o(.text.i2c_slave_receive_dma) refers to at32f413_i2c.o(.text.i2c_interrupt_enable) for i2c_interrupt_enable
    i2c_application.o(.ARM.exidx.text.i2c_slave_receive_dma) refers to i2c_application.o(.text.i2c_slave_receive_dma) for [Anonymous Symbol]
    i2c_application.o(.text.i2c_master_receive_dma) refers to i2c_application.o(.text.i2c_wait_flag) for i2c_wait_flag
    i2c_application.o(.text.i2c_master_receive_dma) refers to at32f413_i2c.o(.text.i2c_master_receive_ack_set) for i2c_master_receive_ack_set
    i2c_application.o(.text.i2c_master_receive_dma) refers to at32f413_i2c.o(.text.i2c_ack_enable) for i2c_ack_enable
    i2c_application.o(.text.i2c_master_receive_dma) refers to at32f413_i2c.o(.text.i2c_dma_enable) for i2c_dma_enable
    i2c_application.o(.text.i2c_master_receive_dma) refers to i2c_application.o(.text.i2c_dma_config) for i2c_dma_config
    i2c_application.o(.text.i2c_master_receive_dma) refers to i2c_application.o(.text.i2c_master_read_addr) for i2c_master_read_addr
    i2c_application.o(.text.i2c_master_receive_dma) refers to at32f413_i2c.o(.text.i2c_stop_generate) for i2c_stop_generate
    i2c_application.o(.text.i2c_master_receive_dma) refers to at32f413_i2c.o(.text.i2c_flag_clear) for i2c_flag_clear
    i2c_application.o(.text.i2c_master_receive_dma) refers to at32f413_i2c.o(.text.i2c_dma_end_transfer_set) for i2c_dma_end_transfer_set
    i2c_application.o(.ARM.exidx.text.i2c_master_receive_dma) refers to i2c_application.o(.text.i2c_master_receive_dma) for [Anonymous Symbol]
    i2c_application.o(.text.i2c_slave_transmit_dma) refers to i2c_application.o(.text.i2c_wait_flag) for i2c_wait_flag
    i2c_application.o(.text.i2c_slave_transmit_dma) refers to at32f413_i2c.o(.text.i2c_master_receive_ack_set) for i2c_master_receive_ack_set
    i2c_application.o(.text.i2c_slave_transmit_dma) refers to at32f413_i2c.o(.text.i2c_ack_enable) for i2c_ack_enable
    i2c_application.o(.text.i2c_slave_transmit_dma) refers to at32f413_i2c.o(.text.i2c_dma_enable) for i2c_dma_enable
    i2c_application.o(.text.i2c_slave_transmit_dma) refers to i2c_application.o(.text.i2c_dma_config) for i2c_dma_config
    i2c_application.o(.text.i2c_slave_transmit_dma) refers to at32f413_i2c.o(.text.i2c_interrupt_enable) for i2c_interrupt_enable
    i2c_application.o(.ARM.exidx.text.i2c_slave_transmit_dma) refers to i2c_application.o(.text.i2c_slave_transmit_dma) for [Anonymous Symbol]
    i2c_application.o(.text.i2c_memory_address_send) refers to at32f413_i2c.o(.text.i2c_data_send) for i2c_data_send
    i2c_application.o(.text.i2c_memory_address_send) refers to i2c_application.o(.text.i2c_wait_flag) for i2c_wait_flag
    i2c_application.o(.text.i2c_memory_address_send) refers to at32f413_i2c.o(.text.i2c_stop_generate) for i2c_stop_generate
    i2c_application.o(.ARM.exidx.text.i2c_memory_address_send) refers to i2c_application.o(.text.i2c_memory_address_send) for [Anonymous Symbol]
    i2c_application.o(.text.i2c_memory_write) refers to i2c_application.o(.text.i2c_wait_flag) for i2c_wait_flag
    i2c_application.o(.text.i2c_memory_write) refers to at32f413_i2c.o(.text.i2c_master_receive_ack_set) for i2c_master_receive_ack_set
    i2c_application.o(.text.i2c_memory_write) refers to i2c_application.o(.text.i2c_master_write_addr) for i2c_master_write_addr
    i2c_application.o(.text.i2c_memory_write) refers to at32f413_i2c.o(.text.i2c_stop_generate) for i2c_stop_generate
    i2c_application.o(.text.i2c_memory_write) refers to at32f413_i2c.o(.text.i2c_flag_clear) for i2c_flag_clear
    i2c_application.o(.text.i2c_memory_write) refers to i2c_application.o(.text.i2c_memory_address_send) for i2c_memory_address_send
    i2c_application.o(.text.i2c_memory_write) refers to at32f413_i2c.o(.text.i2c_data_send) for i2c_data_send
    i2c_application.o(.ARM.exidx.text.i2c_memory_write) refers to i2c_application.o(.text.i2c_memory_write) for [Anonymous Symbol]
    i2c_application.o(.text.i2c_memory_read) refers to i2c_application.o(.text.i2c_wait_flag) for i2c_wait_flag
    i2c_application.o(.text.i2c_memory_read) refers to at32f413_i2c.o(.text.i2c_master_receive_ack_set) for i2c_master_receive_ack_set
    i2c_application.o(.text.i2c_memory_read) refers to at32f413_i2c.o(.text.i2c_ack_enable) for i2c_ack_enable
    i2c_application.o(.text.i2c_memory_read) refers to i2c_application.o(.text.i2c_master_write_addr) for i2c_master_write_addr
    i2c_application.o(.text.i2c_memory_read) refers to at32f413_i2c.o(.text.i2c_stop_generate) for i2c_stop_generate
    i2c_application.o(.text.i2c_memory_read) refers to at32f413_i2c.o(.text.i2c_flag_clear) for i2c_flag_clear
    i2c_application.o(.text.i2c_memory_read) refers to i2c_application.o(.text.i2c_memory_address_send) for i2c_memory_address_send
    i2c_application.o(.text.i2c_memory_read) refers to i2c_application.o(.text.i2c_master_read_addr) for i2c_master_read_addr
    i2c_application.o(.text.i2c_memory_read) refers to at32f413_i2c.o(.text.i2c_data_receive) for i2c_data_receive
    i2c_application.o(.ARM.exidx.text.i2c_memory_read) refers to i2c_application.o(.text.i2c_memory_read) for [Anonymous Symbol]
    i2c_application.o(.text.i2c_memory_write_int) refers to i2c_application.o(.text.i2c_wait_flag) for i2c_wait_flag
    i2c_application.o(.text.i2c_memory_write_int) refers to at32f413_i2c.o(.text.i2c_master_receive_ack_set) for i2c_master_receive_ack_set
    i2c_application.o(.text.i2c_memory_write_int) refers to i2c_application.o(.text.i2c_master_write_addr) for i2c_master_write_addr
    i2c_application.o(.text.i2c_memory_write_int) refers to at32f413_i2c.o(.text.i2c_stop_generate) for i2c_stop_generate
    i2c_application.o(.text.i2c_memory_write_int) refers to at32f413_i2c.o(.text.i2c_flag_clear) for i2c_flag_clear
    i2c_application.o(.text.i2c_memory_write_int) refers to i2c_application.o(.text.i2c_memory_address_send) for i2c_memory_address_send
    i2c_application.o(.text.i2c_memory_write_int) refers to at32f413_i2c.o(.text.i2c_interrupt_enable) for i2c_interrupt_enable
    i2c_application.o(.ARM.exidx.text.i2c_memory_write_int) refers to i2c_application.o(.text.i2c_memory_write_int) for [Anonymous Symbol]
    i2c_application.o(.text.i2c_memory_read_int) refers to i2c_application.o(.text.i2c_wait_flag) for i2c_wait_flag
    i2c_application.o(.text.i2c_memory_read_int) refers to at32f413_i2c.o(.text.i2c_master_receive_ack_set) for i2c_master_receive_ack_set
    i2c_application.o(.text.i2c_memory_read_int) refers to i2c_application.o(.text.i2c_master_write_addr) for i2c_master_write_addr
    i2c_application.o(.text.i2c_memory_read_int) refers to at32f413_i2c.o(.text.i2c_stop_generate) for i2c_stop_generate
    i2c_application.o(.text.i2c_memory_read_int) refers to at32f413_i2c.o(.text.i2c_flag_clear) for i2c_flag_clear
    i2c_application.o(.text.i2c_memory_read_int) refers to i2c_application.o(.text.i2c_memory_address_send) for i2c_memory_address_send
    i2c_application.o(.text.i2c_memory_read_int) refers to i2c_application.o(.text.i2c_master_read_addr) for i2c_master_read_addr
    i2c_application.o(.text.i2c_memory_read_int) refers to at32f413_i2c.o(.text.i2c_ack_enable) for i2c_ack_enable
    i2c_application.o(.text.i2c_memory_read_int) refers to at32f413_i2c.o(.text.i2c_interrupt_enable) for i2c_interrupt_enable
    i2c_application.o(.ARM.exidx.text.i2c_memory_read_int) refers to i2c_application.o(.text.i2c_memory_read_int) for [Anonymous Symbol]
    i2c_application.o(.text.i2c_memory_write_dma) refers to i2c_application.o(.text.i2c_wait_flag) for i2c_wait_flag
    i2c_application.o(.text.i2c_memory_write_dma) refers to at32f413_i2c.o(.text.i2c_master_receive_ack_set) for i2c_master_receive_ack_set
    i2c_application.o(.text.i2c_memory_write_dma) refers to at32f413_i2c.o(.text.i2c_dma_enable) for i2c_dma_enable
    i2c_application.o(.text.i2c_memory_write_dma) refers to i2c_application.o(.text.i2c_dma_config) for i2c_dma_config
    i2c_application.o(.text.i2c_memory_write_dma) refers to i2c_application.o(.text.i2c_master_write_addr) for i2c_master_write_addr
    i2c_application.o(.text.i2c_memory_write_dma) refers to at32f413_i2c.o(.text.i2c_stop_generate) for i2c_stop_generate
    i2c_application.o(.text.i2c_memory_write_dma) refers to at32f413_i2c.o(.text.i2c_flag_clear) for i2c_flag_clear
    i2c_application.o(.text.i2c_memory_write_dma) refers to i2c_application.o(.text.i2c_memory_address_send) for i2c_memory_address_send
    i2c_application.o(.ARM.exidx.text.i2c_memory_write_dma) refers to i2c_application.o(.text.i2c_memory_write_dma) for [Anonymous Symbol]
    i2c_application.o(.text.i2c_memory_read_dma) refers to i2c_application.o(.text.i2c_wait_flag) for i2c_wait_flag
    i2c_application.o(.text.i2c_memory_read_dma) refers to at32f413_i2c.o(.text.i2c_master_receive_ack_set) for i2c_master_receive_ack_set
    i2c_application.o(.text.i2c_memory_read_dma) refers to at32f413_i2c.o(.text.i2c_ack_enable) for i2c_ack_enable
    i2c_application.o(.text.i2c_memory_read_dma) refers to at32f413_i2c.o(.text.i2c_dma_enable) for i2c_dma_enable
    i2c_application.o(.text.i2c_memory_read_dma) refers to i2c_application.o(.text.i2c_dma_config) for i2c_dma_config
    i2c_application.o(.text.i2c_memory_read_dma) refers to i2c_application.o(.text.i2c_master_write_addr) for i2c_master_write_addr
    i2c_application.o(.text.i2c_memory_read_dma) refers to at32f413_i2c.o(.text.i2c_stop_generate) for i2c_stop_generate
    i2c_application.o(.text.i2c_memory_read_dma) refers to at32f413_i2c.o(.text.i2c_flag_clear) for i2c_flag_clear
    i2c_application.o(.text.i2c_memory_read_dma) refers to i2c_application.o(.text.i2c_memory_address_send) for i2c_memory_address_send
    i2c_application.o(.text.i2c_memory_read_dma) refers to i2c_application.o(.text.i2c_master_read_addr) for i2c_master_read_addr
    i2c_application.o(.text.i2c_memory_read_dma) refers to at32f413_i2c.o(.text.i2c_dma_end_transfer_set) for i2c_dma_end_transfer_set
    i2c_application.o(.ARM.exidx.text.i2c_memory_read_dma) refers to i2c_application.o(.text.i2c_memory_read_dma) for [Anonymous Symbol]
    i2c_application.o(.text.i2c_master_tx_isr_int) refers to at32f413_i2c.o(.text.i2c_flag_get) for i2c_flag_get
    i2c_application.o(.text.i2c_master_tx_isr_int) refers to at32f413_i2c.o(.text.i2c_interrupt_enable) for i2c_interrupt_enable
    i2c_application.o(.text.i2c_master_tx_isr_int) refers to at32f413_i2c.o(.text.i2c_stop_generate) for i2c_stop_generate
    i2c_application.o(.text.i2c_master_tx_isr_int) refers to at32f413_i2c.o(.text.i2c_data_send) for i2c_data_send
    i2c_application.o(.ARM.exidx.text.i2c_master_tx_isr_int) refers to i2c_application.o(.text.i2c_master_tx_isr_int) for [Anonymous Symbol]
    i2c_application.o(.text.i2c_master_rx_isr_int) refers to at32f413_i2c.o(.text.i2c_flag_get) for i2c_flag_get
    i2c_application.o(.text.i2c_master_rx_isr_int) refers to at32f413_i2c.o(.text.i2c_ack_enable) for i2c_ack_enable
    i2c_application.o(.text.i2c_master_rx_isr_int) refers to at32f413_i2c.o(.text.i2c_data_receive) for i2c_data_receive
    i2c_application.o(.text.i2c_master_rx_isr_int) refers to at32f413_i2c.o(.text.i2c_stop_generate) for i2c_stop_generate
    i2c_application.o(.text.i2c_master_rx_isr_int) refers to at32f413_i2c.o(.text.i2c_interrupt_enable) for i2c_interrupt_enable
    i2c_application.o(.ARM.exidx.text.i2c_master_rx_isr_int) refers to i2c_application.o(.text.i2c_master_rx_isr_int) for [Anonymous Symbol]
    i2c_application.o(.text.i2c_slave_tx_isr_int) refers to at32f413_i2c.o(.text.i2c_flag_get) for i2c_flag_get
    i2c_application.o(.text.i2c_slave_tx_isr_int) refers to at32f413_i2c.o(.text.i2c_flag_clear) for i2c_flag_clear
    i2c_application.o(.text.i2c_slave_tx_isr_int) refers to at32f413_i2c.o(.text.i2c_data_send) for i2c_data_send
    i2c_application.o(.text.i2c_slave_tx_isr_int) refers to at32f413_i2c.o(.text.i2c_interrupt_enable) for i2c_interrupt_enable
    i2c_application.o(.text.i2c_slave_tx_isr_int) refers to i2c_application.o(.text.i2c_wait_flag) for i2c_wait_flag
    i2c_application.o(.ARM.exidx.text.i2c_slave_tx_isr_int) refers to i2c_application.o(.text.i2c_slave_tx_isr_int) for [Anonymous Symbol]
    i2c_application.o(.text.i2c_slave_rx_isr_int) refers to at32f413_i2c.o(.text.i2c_flag_get) for i2c_flag_get
    i2c_application.o(.text.i2c_slave_rx_isr_int) refers to at32f413_i2c.o(.text.i2c_flag_clear) for i2c_flag_clear
    i2c_application.o(.text.i2c_slave_rx_isr_int) refers to at32f413_i2c.o(.text.i2c_data_receive) for i2c_data_receive
    i2c_application.o(.text.i2c_slave_rx_isr_int) refers to at32f413_i2c.o(.text.i2c_interrupt_enable) for i2c_interrupt_enable
    i2c_application.o(.ARM.exidx.text.i2c_slave_rx_isr_int) refers to i2c_application.o(.text.i2c_slave_rx_isr_int) for [Anonymous Symbol]
    i2c_application.o(.text.i2c_master_tx_isr_dma) refers to at32f413_i2c.o(.text.i2c_flag_get) for i2c_flag_get
    i2c_application.o(.text.i2c_master_tx_isr_dma) refers to at32f413_i2c.o(.text.i2c_stop_generate) for i2c_stop_generate
    i2c_application.o(.text.i2c_master_tx_isr_dma) refers to at32f413_i2c.o(.text.i2c_interrupt_enable) for i2c_interrupt_enable
    i2c_application.o(.ARM.exidx.text.i2c_master_tx_isr_dma) refers to i2c_application.o(.text.i2c_master_tx_isr_dma) for [Anonymous Symbol]
    i2c_application.o(.text.i2c_slave_tx_rx_isr_dma) refers to at32f413_i2c.o(.text.i2c_flag_get) for i2c_flag_get
    i2c_application.o(.text.i2c_slave_tx_rx_isr_dma) refers to at32f413_i2c.o(.text.i2c_flag_clear) for i2c_flag_clear
    i2c_application.o(.text.i2c_slave_tx_rx_isr_dma) refers to at32f413_i2c.o(.text.i2c_interrupt_enable) for i2c_interrupt_enable
    i2c_application.o(.text.i2c_slave_tx_rx_isr_dma) refers to at32f413_i2c.o(.text.i2c_ack_enable) for i2c_ack_enable
    i2c_application.o(.ARM.exidx.text.i2c_slave_tx_rx_isr_dma) refers to i2c_application.o(.text.i2c_slave_tx_rx_isr_dma) for [Anonymous Symbol]
    i2c_application.o(.text.i2c_evt_irq_handler) refers to i2c_application.o(.text.i2c_master_tx_isr_int) for i2c_master_tx_isr_int
    i2c_application.o(.text.i2c_evt_irq_handler) refers to i2c_application.o(.text.i2c_master_rx_isr_int) for i2c_master_rx_isr_int
    i2c_application.o(.text.i2c_evt_irq_handler) refers to i2c_application.o(.text.i2c_slave_tx_isr_int) for i2c_slave_tx_isr_int
    i2c_application.o(.text.i2c_evt_irq_handler) refers to i2c_application.o(.text.i2c_slave_rx_isr_int) for i2c_slave_rx_isr_int
    i2c_application.o(.text.i2c_evt_irq_handler) refers to i2c_application.o(.text.i2c_master_tx_isr_dma) for i2c_master_tx_isr_dma
    i2c_application.o(.text.i2c_evt_irq_handler) refers to i2c_application.o(.text.i2c_slave_tx_rx_isr_dma) for i2c_slave_tx_rx_isr_dma
    i2c_application.o(.ARM.exidx.text.i2c_evt_irq_handler) refers to i2c_application.o(.text.i2c_evt_irq_handler) for [Anonymous Symbol]
    i2c_application.o(.text.i2c_dma_tx_irq_handler) refers to at32f413_dma.o(.text.dma_flag_get) for dma_flag_get
    i2c_application.o(.text.i2c_dma_tx_irq_handler) refers to at32f413_dma.o(.text.dma_interrupt_enable) for dma_interrupt_enable
    i2c_application.o(.text.i2c_dma_tx_irq_handler) refers to at32f413_dma.o(.text.dma_flag_clear) for dma_flag_clear
    i2c_application.o(.text.i2c_dma_tx_irq_handler) refers to at32f413_i2c.o(.text.i2c_dma_enable) for i2c_dma_enable
    i2c_application.o(.text.i2c_dma_tx_irq_handler) refers to at32f413_i2c.o(.text.i2c_interrupt_enable) for i2c_interrupt_enable
    i2c_application.o(.ARM.exidx.text.i2c_dma_tx_irq_handler) refers to i2c_application.o(.text.i2c_dma_tx_irq_handler) for [Anonymous Symbol]
    i2c_application.o(.text.i2c_dma_rx_irq_handler) refers to at32f413_dma.o(.text.dma_flag_get) for dma_flag_get
    i2c_application.o(.text.i2c_dma_rx_irq_handler) refers to at32f413_dma.o(.text.dma_interrupt_enable) for dma_interrupt_enable
    i2c_application.o(.text.i2c_dma_rx_irq_handler) refers to at32f413_dma.o(.text.dma_flag_clear) for dma_flag_clear
    i2c_application.o(.text.i2c_dma_rx_irq_handler) refers to at32f413_i2c.o(.text.i2c_dma_enable) for i2c_dma_enable
    i2c_application.o(.text.i2c_dma_rx_irq_handler) refers to at32f413_i2c.o(.text.i2c_flag_clear) for i2c_flag_clear
    i2c_application.o(.text.i2c_dma_rx_irq_handler) refers to at32f413_i2c.o(.text.i2c_stop_generate) for i2c_stop_generate
    i2c_application.o(.text.i2c_dma_rx_irq_handler) refers to at32f413_i2c.o(.text.i2c_interrupt_enable) for i2c_interrupt_enable
    i2c_application.o(.ARM.exidx.text.i2c_dma_rx_irq_handler) refers to i2c_application.o(.text.i2c_dma_rx_irq_handler) for [Anonymous Symbol]
    i2c_application.o(.text.i2c_err_irq_handler) refers to at32f413_i2c.o(.text.i2c_flag_get) for i2c_flag_get
    i2c_application.o(.text.i2c_err_irq_handler) refers to at32f413_i2c.o(.text.i2c_flag_clear) for i2c_flag_clear
    i2c_application.o(.text.i2c_err_irq_handler) refers to at32f413_i2c.o(.text.i2c_ack_enable) for i2c_ack_enable
    i2c_application.o(.text.i2c_err_irq_handler) refers to at32f413_i2c.o(.text.i2c_interrupt_enable) for i2c_interrupt_enable
    i2c_application.o(.ARM.exidx.text.i2c_err_irq_handler) refers to i2c_application.o(.text.i2c_err_irq_handler) for [Anonymous Symbol]
    i2c_config.o(.ARM.exidx.text.buffer_compare) refers to i2c_config.o(.text.buffer_compare) for [Anonymous Symbol]
    i2c_config.o(.text.i2c_config) refers to i2c_config.o(.text.wk_i2c_gpio_init) for wk_i2c_gpio_init
    i2c_config.o(.text.i2c_config) refers to i2c_config.o(.text.wk_i2c_init) for wk_i2c_init
    i2c_config.o(.ARM.exidx.text.i2c_config) refers to i2c_config.o(.text.i2c_config) for [Anonymous Symbol]
    i2c_config.o(.text.wk_i2c_gpio_init) refers to at32f413_gpio.o(.text.gpio_default_para_init) for gpio_default_para_init
    i2c_config.o(.text.wk_i2c_gpio_init) refers to at32f413_gpio.o(.text.gpio_init) for gpio_init
    i2c_config.o(.ARM.exidx.text.wk_i2c_gpio_init) refers to i2c_config.o(.text.wk_i2c_gpio_init) for [Anonymous Symbol]
    i2c_config.o(.text.wk_i2c_init) refers to at32f413_i2c.o(.text.i2c_init) for i2c_init
    i2c_config.o(.text.wk_i2c_init) refers to at32f413_i2c.o(.text.i2c_own_address1_set) for i2c_own_address1_set
    i2c_config.o(.text.wk_i2c_init) refers to at32f413_i2c.o(.text.i2c_ack_enable) for i2c_ack_enable
    i2c_config.o(.text.wk_i2c_init) refers to at32f413_i2c.o(.text.i2c_clock_stretch_enable) for i2c_clock_stretch_enable
    i2c_config.o(.text.wk_i2c_init) refers to at32f413_i2c.o(.text.i2c_general_call_enable) for i2c_general_call_enable
    i2c_config.o(.text.wk_i2c_init) refers to at32f413_i2c.o(.text.i2c_enable) for i2c_enable
    i2c_config.o(.ARM.exidx.text.wk_i2c_init) refers to i2c_config.o(.text.wk_i2c_init) for [Anonymous Symbol]
    ssd1306.o(.ARM.exidx.text.ssd1306_Reset) refers to ssd1306.o(.text.ssd1306_Reset) for [Anonymous Symbol]
    ssd1306.o(.text.ssd1306_FillBuffer) refers to ssd1306.o(.bss.SSD1306_Buffer) for SSD1306_Buffer
    ssd1306.o(.text.ssd1306_FillBuffer) refers to rt_memcpy_v6.o(.text) for __aeabi_memcpy
    ssd1306.o(.ARM.exidx.text.ssd1306_FillBuffer) refers to ssd1306.o(.text.ssd1306_FillBuffer) for [Anonymous Symbol]
    ssd1306.o(.text.ssd1306_Init) refers to ssd1306.o(.text.ssd1306_Reset) for ssd1306_Reset
    ssd1306.o(.text.ssd1306_Init) refers to ssd1306.o(.text.ssd1306_SetDisplayOn) for ssd1306_SetDisplayOn
    ssd1306.o(.text.ssd1306_Init) refers to main.o(.text.ssd1306_WriteCommand) for ssd1306_WriteCommand
    ssd1306.o(.text.ssd1306_Init) refers to ssd1306.o(.text.ssd1306_SetContrast) for ssd1306_SetContrast
    ssd1306.o(.text.ssd1306_Init) refers to ssd1306.o(.text.ssd1306_Fill) for ssd1306_Fill
    ssd1306.o(.text.ssd1306_Init) refers to ssd1306.o(.text.ssd1306_UpdateScreen) for ssd1306_UpdateScreen
    ssd1306.o(.text.ssd1306_Init) refers to ssd1306.o(.bss.SSD1306) for SSD1306
    ssd1306.o(.ARM.exidx.text.ssd1306_Init) refers to ssd1306.o(.text.ssd1306_Init) for [Anonymous Symbol]
    ssd1306.o(.text.ssd1306_SetDisplayOn) refers to ssd1306.o(.bss.SSD1306) for SSD1306
    ssd1306.o(.text.ssd1306_SetDisplayOn) refers to main.o(.text.ssd1306_WriteCommand) for ssd1306_WriteCommand
    ssd1306.o(.ARM.exidx.text.ssd1306_SetDisplayOn) refers to ssd1306.o(.text.ssd1306_SetDisplayOn) for [Anonymous Symbol]
    ssd1306.o(.text.ssd1306_SetContrast) refers to main.o(.text.ssd1306_WriteCommand) for ssd1306_WriteCommand
    ssd1306.o(.ARM.exidx.text.ssd1306_SetContrast) refers to ssd1306.o(.text.ssd1306_SetContrast) for [Anonymous Symbol]
    ssd1306.o(.text.ssd1306_Fill) refers to ssd1306.o(.bss.SSD1306_Buffer) for SSD1306_Buffer
    ssd1306.o(.text.ssd1306_Fill) refers to aeabi_memset.o(.text) for __aeabi_memset
    ssd1306.o(.ARM.exidx.text.ssd1306_Fill) refers to ssd1306.o(.text.ssd1306_Fill) for [Anonymous Symbol]
    ssd1306.o(.text.ssd1306_UpdateScreen) refers to main.o(.text.ssd1306_WriteCommand) for ssd1306_WriteCommand
    ssd1306.o(.text.ssd1306_UpdateScreen) refers to ssd1306.o(.bss.SSD1306_Buffer) for SSD1306_Buffer
    ssd1306.o(.ARM.exidx.text.ssd1306_UpdateScreen) refers to ssd1306.o(.text.ssd1306_UpdateScreen) for [Anonymous Symbol]
    ssd1306.o(.text.ssd1306_DrawPixel) refers to ssd1306.o(.bss.SSD1306_Buffer) for SSD1306_Buffer
    ssd1306.o(.ARM.exidx.text.ssd1306_DrawPixel) refers to ssd1306.o(.text.ssd1306_DrawPixel) for [Anonymous Symbol]
    ssd1306.o(.text.ssd1306_WriteChar) refers to ssd1306.o(.bss.SSD1306) for SSD1306
    ssd1306.o(.text.ssd1306_WriteChar) refers to ssd1306.o(.text.ssd1306_DrawPixel) for ssd1306_DrawPixel
    ssd1306.o(.ARM.exidx.text.ssd1306_WriteChar) refers to ssd1306.o(.text.ssd1306_WriteChar) for [Anonymous Symbol]
    ssd1306.o(.text.ssd1306_WriteString) refers to ssd1306.o(.text.ssd1306_WriteChar) for ssd1306_WriteChar
    ssd1306.o(.ARM.exidx.text.ssd1306_WriteString) refers to ssd1306.o(.text.ssd1306_WriteString) for [Anonymous Symbol]
    ssd1306.o(.text.ssd1306_SetCursor) refers to ssd1306.o(.bss.SSD1306) for SSD1306
    ssd1306.o(.ARM.exidx.text.ssd1306_SetCursor) refers to ssd1306.o(.text.ssd1306_SetCursor) for [Anonymous Symbol]
    ssd1306.o(.text.ssd1306_Line) refers to abs.o(.text) for abs
    ssd1306.o(.text.ssd1306_Line) refers to ssd1306.o(.text.ssd1306_DrawPixel) for ssd1306_DrawPixel
    ssd1306.o(.ARM.exidx.text.ssd1306_Line) refers to ssd1306.o(.text.ssd1306_Line) for [Anonymous Symbol]
    ssd1306.o(.text.ssd1306_Polyline) refers to ssd1306.o(.text.ssd1306_Line) for ssd1306_Line
    ssd1306.o(.ARM.exidx.text.ssd1306_Polyline) refers to ssd1306.o(.text.ssd1306_Polyline) for [Anonymous Symbol]
    ssd1306.o(.text.ssd1306_DrawArc) refers to ssd1306.o(.text.ssd1306_NormalizeTo0_360) for ssd1306_NormalizeTo0_360
    ssd1306.o(.text.ssd1306_DrawArc) refers to ssd1306.o(.text.ssd1306_DegToRad) for ssd1306_DegToRad
    ssd1306.o(.text.ssd1306_DrawArc) refers to sinf.o(i.__hardfp_sinf) for __hardfp_sinf
    ssd1306.o(.text.ssd1306_DrawArc) refers to cosf.o(i.__hardfp_cosf) for __hardfp_cosf
    ssd1306.o(.text.ssd1306_DrawArc) refers to ssd1306.o(.text.ssd1306_Line) for ssd1306_Line
    ssd1306.o(.ARM.exidx.text.ssd1306_DrawArc) refers to ssd1306.o(.text.ssd1306_DrawArc) for [Anonymous Symbol]
    ssd1306.o(.ARM.exidx.text.ssd1306_NormalizeTo0_360) refers to ssd1306.o(.text.ssd1306_NormalizeTo0_360) for [Anonymous Symbol]
    ssd1306.o(.ARM.exidx.text.ssd1306_DegToRad) refers to ssd1306.o(.text.ssd1306_DegToRad) for [Anonymous Symbol]
    ssd1306.o(.text.ssd1306_DrawArcWithRadiusLine) refers to ssd1306.o(.text.ssd1306_NormalizeTo0_360) for ssd1306_NormalizeTo0_360
    ssd1306.o(.text.ssd1306_DrawArcWithRadiusLine) refers to ssd1306.o(.text.ssd1306_DegToRad) for ssd1306_DegToRad
    ssd1306.o(.text.ssd1306_DrawArcWithRadiusLine) refers to sinf.o(i.__hardfp_sinf) for __hardfp_sinf
    ssd1306.o(.text.ssd1306_DrawArcWithRadiusLine) refers to cosf.o(i.__hardfp_cosf) for __hardfp_cosf
    ssd1306.o(.text.ssd1306_DrawArcWithRadiusLine) refers to ssd1306.o(.text.ssd1306_Line) for ssd1306_Line
    ssd1306.o(.ARM.exidx.text.ssd1306_DrawArcWithRadiusLine) refers to ssd1306.o(.text.ssd1306_DrawArcWithRadiusLine) for [Anonymous Symbol]
    ssd1306.o(.text.ssd1306_DrawCircle) refers to ssd1306.o(.text.ssd1306_DrawPixel) for ssd1306_DrawPixel
    ssd1306.o(.ARM.exidx.text.ssd1306_DrawCircle) refers to ssd1306.o(.text.ssd1306_DrawCircle) for [Anonymous Symbol]
    ssd1306.o(.text.ssd1306_FillCircle) refers to ssd1306.o(.text.ssd1306_DrawPixel) for ssd1306_DrawPixel
    ssd1306.o(.ARM.exidx.text.ssd1306_FillCircle) refers to ssd1306.o(.text.ssd1306_FillCircle) for [Anonymous Symbol]
    ssd1306.o(.text.ssd1306_DrawRectangle) refers to ssd1306.o(.text.ssd1306_Line) for ssd1306_Line
    ssd1306.o(.ARM.exidx.text.ssd1306_DrawRectangle) refers to ssd1306.o(.text.ssd1306_DrawRectangle) for [Anonymous Symbol]
    ssd1306.o(.text.ssd1306_FillRectangle) refers to ssd1306.o(.text.ssd1306_DrawPixel) for ssd1306_DrawPixel
    ssd1306.o(.ARM.exidx.text.ssd1306_FillRectangle) refers to ssd1306.o(.text.ssd1306_FillRectangle) for [Anonymous Symbol]
    ssd1306.o(.text.ssd1306_InvertRectangle) refers to ssd1306.o(.bss.SSD1306_Buffer) for SSD1306_Buffer
    ssd1306.o(.ARM.exidx.text.ssd1306_InvertRectangle) refers to ssd1306.o(.text.ssd1306_InvertRectangle) for [Anonymous Symbol]
    ssd1306.o(.text.ssd1306_DrawBitmap) refers to ssd1306.o(.text.ssd1306_DrawPixel) for ssd1306_DrawPixel
    ssd1306.o(.ARM.exidx.text.ssd1306_DrawBitmap) refers to ssd1306.o(.text.ssd1306_DrawBitmap) for [Anonymous Symbol]
    ssd1306.o(.text.ssd1306_GetDisplayOn) refers to ssd1306.o(.bss.SSD1306) for SSD1306
    ssd1306.o(.ARM.exidx.text.ssd1306_GetDisplayOn) refers to ssd1306.o(.text.ssd1306_GetDisplayOn) for [Anonymous Symbol]
    ssd1306_fonts.o(.rodata.Font_6x8) refers to ssd1306_fonts.o(.rodata.Font6x8) for [Anonymous Symbol]
    ssd1306_fonts.o(.rodata.Font_7x10) refers to ssd1306_fonts.o(.rodata.Font7x10) for [Anonymous Symbol]
    ssd1306_fonts.o(.rodata.Font_11x18) refers to ssd1306_fonts.o(.rodata.Font11x18) for [Anonymous Symbol]
    ssd1306_fonts.o(.rodata.Font_16x26) refers to ssd1306_fonts.o(.rodata.Font16x26) for [Anonymous Symbol]
    ssd1306_fonts.o(.rodata.Font_16x24) refers to ssd1306_fonts.o(.rodata.Font16x24) for [Anonymous Symbol]
    ssd1306_fonts.o(.rodata.Font_16x15) refers to ssd1306_fonts.o(.rodata.Font16x15) for [Anonymous Symbol]
    ssd1306_fonts.o(.rodata.Font_16x15) refers to ssd1306_fonts.o(.rodata.char_width) for [Anonymous Symbol]
    eventrecorder.o(.ARM.exidx.text.EventRecorderTimerSetup) refers to eventrecorder.o(.text.EventRecorderTimerSetup) for [Anonymous Symbol]
    eventrecorder.o(.text.EventRecorderTimerGetFreq) refers to system_at32f413.o(.data.system_core_clock) for system_core_clock
    eventrecorder.o(.ARM.exidx.text.EventRecorderTimerGetFreq) refers to eventrecorder.o(.text.EventRecorderTimerGetFreq) for [Anonymous Symbol]
    eventrecorder.o(.ARM.exidx.text.EventRecorderTimerGetCount) refers to eventrecorder.o(.text.EventRecorderTimerGetCount) for [Anonymous Symbol]
    eventrecorder.o(.text.EventRecorderInitialize) refers to eventrecorder.o(.bss.noinit) for EventStatus
    eventrecorder.o(.text.EventRecorderInitialize) refers to rt_memclr_w.o(.text) for __aeabi_memclr4
    eventrecorder.o(.text.EventRecorderInitialize) refers to eventrecorder.o(.rodata.EventRecorderInfo) for EventRecorderInfo
    eventrecorder.o(.text.EventRecorderInitialize) refers to eventrecorder.o(.text.crc16_ccitt) for crc16_ccitt
    eventrecorder.o(.text.EventRecorderInitialize) refers to eventrecorder.o(.text.EventRecorderTimerSetup) for EventRecorderTimerSetup
    eventrecorder.o(.text.EventRecorderInitialize) refers to eventrecorder.o(.text.EventRecorderTimerGetFreq) for EventRecorderTimerGetFreq
    eventrecorder.o(.text.EventRecorderInitialize) refers to eventrecorder.o(.text.EventRecorderEnable) for EventRecorderEnable
    eventrecorder.o(.text.EventRecorderInitialize) refers to eventrecorder.o(.text.EventGetTS) for EventGetTS
    eventrecorder.o(.text.EventRecorderInitialize) refers to eventrecorder.o(.text.EventRecordItem) for EventRecordItem
    eventrecorder.o(.text.EventRecorderInitialize) refers to eventrecorder.o(.text.EventRecorderStart) for EventRecorderStart
    eventrecorder.o(.ARM.exidx.text.EventRecorderInitialize) refers to eventrecorder.o(.text.EventRecorderInitialize) for [Anonymous Symbol]
    eventrecorder.o(.ARM.exidx.text.crc16_ccitt) refers to eventrecorder.o(.text.crc16_ccitt) for [Anonymous Symbol]
    eventrecorder.o(.text.EventRecorderEnable) refers to eventrecorder.o(.bss.noinit) for EventFilter
    eventrecorder.o(.ARM.exidx.text.EventRecorderEnable) refers to eventrecorder.o(.text.EventRecorderEnable) for [Anonymous Symbol]
    eventrecorder.o(.text.EventGetTS) refers to eventrecorder.o(.bss.noinit) for EventStatus
    eventrecorder.o(.text.EventGetTS) refers to eventrecorder.o(.text.EventRecorderTimerGetCount) for EventRecorderTimerGetCount
    eventrecorder.o(.text.EventGetTS) refers to eventrecorder.o(.text.UpdateTS) for UpdateTS
    eventrecorder.o(.text.EventGetTS) refers to eventrecorder.o(.text.IncrementOverflowTS) for IncrementOverflowTS
    eventrecorder.o(.ARM.exidx.text.EventGetTS) refers to eventrecorder.o(.text.EventGetTS) for [Anonymous Symbol]
    eventrecorder.o(.text.EventRecordItem) refers to eventrecorder.o(.text.GetRecordIndex) for GetRecordIndex
    eventrecorder.o(.text.EventRecordItem) refers to eventrecorder.o(.bss.noinit) for EventBuffer
    eventrecorder.o(.text.EventRecordItem) refers to eventrecorder.o(.text.LockRecord) for LockRecord
    eventrecorder.o(.text.EventRecordItem) refers to eventrecorder.o(.text.UnlockRecord) for UnlockRecord
    eventrecorder.o(.text.EventRecordItem) refers to eventrecorder.o(.text.IncrementRecordsWritten) for IncrementRecordsWritten
    eventrecorder.o(.text.EventRecordItem) refers to eventrecorder.o(.text.IncrementRecordsDumped) for IncrementRecordsDumped
    eventrecorder.o(.ARM.exidx.text.EventRecordItem) refers to eventrecorder.o(.text.EventRecordItem) for [Anonymous Symbol]
    eventrecorder.o(.text.EventRecorderStart) refers to eventrecorder.o(.bss.noinit) for EventStatus
    eventrecorder.o(.text.EventRecorderStart) refers to eventrecorder.o(.text.EventGetTS) for EventGetTS
    eventrecorder.o(.text.EventRecorderStart) refers to eventrecorder.o(.text.EventRecordItem) for EventRecordItem
    eventrecorder.o(.ARM.exidx.text.EventRecorderStart) refers to eventrecorder.o(.text.EventRecorderStart) for [Anonymous Symbol]
    eventrecorder.o(.text.EventRecorderDisable) refers to eventrecorder.o(.bss.noinit) for EventFilter
    eventrecorder.o(.ARM.exidx.text.EventRecorderDisable) refers to eventrecorder.o(.text.EventRecorderDisable) for [Anonymous Symbol]
    eventrecorder.o(.text.EventRecorderStop) refers to eventrecorder.o(.bss.noinit) for EventStatus
    eventrecorder.o(.text.EventRecorderStop) refers to eventrecorder.o(.text.EventGetTS) for EventGetTS
    eventrecorder.o(.text.EventRecorderStop) refers to eventrecorder.o(.text.EventRecordItem) for EventRecordItem
    eventrecorder.o(.ARM.exidx.text.EventRecorderStop) refers to eventrecorder.o(.text.EventRecorderStop) for [Anonymous Symbol]
    eventrecorder.o(.text.EventRecorderClockUpdate) refers to eventrecorder.o(.text.EventRecorderTimerGetFreq) for EventRecorderTimerGetFreq
    eventrecorder.o(.text.EventRecorderClockUpdate) refers to eventrecorder.o(.bss.noinit) for EventStatus
    eventrecorder.o(.text.EventRecorderClockUpdate) refers to eventrecorder.o(.text.EventGetTS) for EventGetTS
    eventrecorder.o(.text.EventRecorderClockUpdate) refers to eventrecorder.o(.text.EventRecordItem) for EventRecordItem
    eventrecorder.o(.ARM.exidx.text.EventRecorderClockUpdate) refers to eventrecorder.o(.text.EventRecorderClockUpdate) for [Anonymous Symbol]
    eventrecorder.o(.text.EventRecordData) refers to eventrecorder.o(.text.EventCheckFilter) for EventCheckFilter
    eventrecorder.o(.text.EventRecordData) refers to eventrecorder.o(.text.EventGetTS) for EventGetTS
    eventrecorder.o(.text.EventRecordData) refers to eventrecorder.o(.text.EventRecordItem) for EventRecordItem
    eventrecorder.o(.text.EventRecordData) refers to rt_memcpy_v6.o(.text) for __aeabi_memcpy
    eventrecorder.o(.text.EventRecordData) refers to eventrecorder.o(.text.GetContext) for GetContext
    eventrecorder.o(.ARM.exidx.text.EventRecordData) refers to eventrecorder.o(.text.EventRecordData) for [Anonymous Symbol]
    eventrecorder.o(.text.EventCheckFilter) refers to eventrecorder.o(.bss.noinit) for EventStatus
    eventrecorder.o(.ARM.exidx.text.EventCheckFilter) refers to eventrecorder.o(.text.EventCheckFilter) for [Anonymous Symbol]
    eventrecorder.o(.text.GetContext) refers to eventrecorder.o(.bss.noinit) for EventStatus
    eventrecorder.o(.text.GetContext) refers to eventrecorder.o(.text.atomic_inc8) for atomic_inc8
    eventrecorder.o(.ARM.exidx.text.GetContext) refers to eventrecorder.o(.text.GetContext) for [Anonymous Symbol]
    eventrecorder.o(.text.EventRecord2) refers to eventrecorder.o(.text.EventCheckFilter) for EventCheckFilter
    eventrecorder.o(.text.EventRecord2) refers to eventrecorder.o(.text.EventGetTS) for EventGetTS
    eventrecorder.o(.text.EventRecord2) refers to eventrecorder.o(.text.EventRecordItem) for EventRecordItem
    eventrecorder.o(.ARM.exidx.text.EventRecord2) refers to eventrecorder.o(.text.EventRecord2) for [Anonymous Symbol]
    eventrecorder.o(.text.EventRecord4) refers to eventrecorder.o(.text.EventCheckFilter) for EventCheckFilter
    eventrecorder.o(.text.EventRecord4) refers to eventrecorder.o(.text.EventGetTS) for EventGetTS
    eventrecorder.o(.text.EventRecord4) refers to eventrecorder.o(.text.GetContext) for GetContext
    eventrecorder.o(.text.EventRecord4) refers to eventrecorder.o(.text.EventRecordItem) for EventRecordItem
    eventrecorder.o(.ARM.exidx.text.EventRecord4) refers to eventrecorder.o(.text.EventRecord4) for [Anonymous Symbol]
    eventrecorder.o(.text.UpdateTS) refers to eventrecorder.o(.bss.noinit) for EventStatus
    eventrecorder.o(.text.UpdateTS) refers to eventrecorder.o(.text.atomic_xch32) for atomic_xch32
    eventrecorder.o(.ARM.exidx.text.UpdateTS) refers to eventrecorder.o(.text.UpdateTS) for [Anonymous Symbol]
    eventrecorder.o(.text.IncrementOverflowTS) refers to eventrecorder.o(.bss.noinit) for EventStatus
    eventrecorder.o(.text.IncrementOverflowTS) refers to eventrecorder.o(.text.atomic_inc32) for atomic_inc32
    eventrecorder.o(.ARM.exidx.text.IncrementOverflowTS) refers to eventrecorder.o(.text.IncrementOverflowTS) for [Anonymous Symbol]
    eventrecorder.o(.ARM.exidx.text.atomic_xch32) refers to eventrecorder.o(.text.atomic_xch32) for [Anonymous Symbol]
    eventrecorder.o(.ARM.exidx.text.atomic_inc32) refers to eventrecorder.o(.text.atomic_inc32) for [Anonymous Symbol]
    eventrecorder.o(.text.GetRecordIndex) refers to eventrecorder.o(.bss.noinit) for EventStatus
    eventrecorder.o(.text.GetRecordIndex) refers to eventrecorder.o(.text.atomic_inc32) for atomic_inc32
    eventrecorder.o(.ARM.exidx.text.GetRecordIndex) refers to eventrecorder.o(.text.GetRecordIndex) for [Anonymous Symbol]
    eventrecorder.o(.ARM.exidx.text.LockRecord) refers to eventrecorder.o(.text.LockRecord) for [Anonymous Symbol]
    eventrecorder.o(.ARM.exidx.text.UnlockRecord) refers to eventrecorder.o(.text.UnlockRecord) for [Anonymous Symbol]
    eventrecorder.o(.text.IncrementRecordsWritten) refers to eventrecorder.o(.bss.noinit) for EventStatus
    eventrecorder.o(.text.IncrementRecordsWritten) refers to eventrecorder.o(.text.atomic_inc32) for atomic_inc32
    eventrecorder.o(.ARM.exidx.text.IncrementRecordsWritten) refers to eventrecorder.o(.text.IncrementRecordsWritten) for [Anonymous Symbol]
    eventrecorder.o(.text.IncrementRecordsDumped) refers to eventrecorder.o(.bss.noinit) for EventStatus
    eventrecorder.o(.text.IncrementRecordsDumped) refers to eventrecorder.o(.text.atomic_inc32) for atomic_inc32
    eventrecorder.o(.ARM.exidx.text.IncrementRecordsDumped) refers to eventrecorder.o(.text.IncrementRecordsDumped) for [Anonymous Symbol]
    eventrecorder.o(.ARM.exidx.text.atomic_inc8) refers to eventrecorder.o(.text.atomic_inc8) for [Anonymous Symbol]
    eventrecorder.o(.rodata.EventRecorderInfo) refers to eventrecorder.o(.bss.noinit) for [Anonymous Symbol]
    at32f413_crm.o(.ARM.exidx.text.crm_reset) refers to at32f413_crm.o(.text.crm_reset) for [Anonymous Symbol]
    at32f413_crm.o(.ARM.exidx.text.crm_lext_bypass) refers to at32f413_crm.o(.text.crm_lext_bypass) for [Anonymous Symbol]
    at32f413_crm.o(.ARM.exidx.text.crm_hext_bypass) refers to at32f413_crm.o(.text.crm_hext_bypass) for [Anonymous Symbol]
    at32f413_crm.o(.ARM.exidx.text.crm_flag_get) refers to at32f413_crm.o(.text.crm_flag_get) for [Anonymous Symbol]
    at32f413_crm.o(.ARM.exidx.text.crm_interrupt_flag_get) refers to at32f413_crm.o(.text.crm_interrupt_flag_get) for [Anonymous Symbol]
    at32f413_crm.o(.text.crm_hext_stable_wait) refers to at32f413_crm.o(.text.crm_flag_get) for crm_flag_get
    at32f413_crm.o(.ARM.exidx.text.crm_hext_stable_wait) refers to at32f413_crm.o(.text.crm_hext_stable_wait) for [Anonymous Symbol]
    at32f413_crm.o(.ARM.exidx.text.crm_hick_clock_trimming_set) refers to at32f413_crm.o(.text.crm_hick_clock_trimming_set) for [Anonymous Symbol]
    at32f413_crm.o(.ARM.exidx.text.crm_hick_clock_calibration_set) refers to at32f413_crm.o(.text.crm_hick_clock_calibration_set) for [Anonymous Symbol]
    at32f413_crm.o(.ARM.exidx.text.crm_periph_clock_enable) refers to at32f413_crm.o(.text.crm_periph_clock_enable) for [Anonymous Symbol]
    at32f413_crm.o(.ARM.exidx.text.crm_periph_reset) refers to at32f413_crm.o(.text.crm_periph_reset) for [Anonymous Symbol]
    at32f413_crm.o(.ARM.exidx.text.crm_periph_sleep_mode_clock_enable) refers to at32f413_crm.o(.text.crm_periph_sleep_mode_clock_enable) for [Anonymous Symbol]
    at32f413_crm.o(.ARM.exidx.text.crm_clock_source_enable) refers to at32f413_crm.o(.text.crm_clock_source_enable) for [Anonymous Symbol]
    at32f413_crm.o(.ARM.exidx.text.crm_flag_clear) refers to at32f413_crm.o(.text.crm_flag_clear) for [Anonymous Symbol]
    at32f413_crm.o(.ARM.exidx.text.crm_rtc_clock_select) refers to at32f413_crm.o(.text.crm_rtc_clock_select) for [Anonymous Symbol]
    at32f413_crm.o(.ARM.exidx.text.crm_rtc_clock_enable) refers to at32f413_crm.o(.text.crm_rtc_clock_enable) for [Anonymous Symbol]
    at32f413_crm.o(.ARM.exidx.text.crm_ahb_div_set) refers to at32f413_crm.o(.text.crm_ahb_div_set) for [Anonymous Symbol]
    at32f413_crm.o(.ARM.exidx.text.crm_apb1_div_set) refers to at32f413_crm.o(.text.crm_apb1_div_set) for [Anonymous Symbol]
    at32f413_crm.o(.ARM.exidx.text.crm_apb2_div_set) refers to at32f413_crm.o(.text.crm_apb2_div_set) for [Anonymous Symbol]
    at32f413_crm.o(.ARM.exidx.text.crm_adc_clock_div_set) refers to at32f413_crm.o(.text.crm_adc_clock_div_set) for [Anonymous Symbol]
    at32f413_crm.o(.ARM.exidx.text.crm_usb_clock_div_set) refers to at32f413_crm.o(.text.crm_usb_clock_div_set) for [Anonymous Symbol]
    at32f413_crm.o(.ARM.exidx.text.crm_clock_failure_detection_enable) refers to at32f413_crm.o(.text.crm_clock_failure_detection_enable) for [Anonymous Symbol]
    at32f413_crm.o(.ARM.exidx.text.crm_battery_powered_domain_reset) refers to at32f413_crm.o(.text.crm_battery_powered_domain_reset) for [Anonymous Symbol]
    at32f413_crm.o(.ARM.exidx.text.crm_pll_config) refers to at32f413_crm.o(.text.crm_pll_config) for [Anonymous Symbol]
    at32f413_crm.o(.ARM.exidx.text.crm_sysclk_switch) refers to at32f413_crm.o(.text.crm_sysclk_switch) for [Anonymous Symbol]
    at32f413_crm.o(.ARM.exidx.text.crm_sysclk_switch_status_get) refers to at32f413_crm.o(.text.crm_sysclk_switch_status_get) for [Anonymous Symbol]
    at32f413_crm.o(.text.crm_clocks_freq_get) refers to at32f413_crm.o(.text.crm_sysclk_switch_status_get) for crm_sysclk_switch_status_get
    at32f413_crm.o(.text.crm_clocks_freq_get) refers to at32f413_crm.o(.rodata.crm_clocks_freq_get.sclk_ahb_div_table) for crm_clocks_freq_get.sclk_ahb_div_table
    at32f413_crm.o(.text.crm_clocks_freq_get) refers to at32f413_crm.o(.rodata.crm_clocks_freq_get.ahb_apb1_div_table) for crm_clocks_freq_get.ahb_apb1_div_table
    at32f413_crm.o(.text.crm_clocks_freq_get) refers to at32f413_crm.o(.rodata.crm_clocks_freq_get.ahb_apb2_div_table) for crm_clocks_freq_get.ahb_apb2_div_table
    at32f413_crm.o(.text.crm_clocks_freq_get) refers to at32f413_crm.o(.rodata.crm_clocks_freq_get.adc_div_table) for crm_clocks_freq_get.adc_div_table
    at32f413_crm.o(.ARM.exidx.text.crm_clocks_freq_get) refers to at32f413_crm.o(.text.crm_clocks_freq_get) for [Anonymous Symbol]
    at32f413_crm.o(.ARM.exidx.text.crm_clock_out_set) refers to at32f413_crm.o(.text.crm_clock_out_set) for [Anonymous Symbol]
    at32f413_crm.o(.ARM.exidx.text.crm_interrupt_enable) refers to at32f413_crm.o(.text.crm_interrupt_enable) for [Anonymous Symbol]
    at32f413_crm.o(.ARM.exidx.text.crm_auto_step_mode_enable) refers to at32f413_crm.o(.text.crm_auto_step_mode_enable) for [Anonymous Symbol]
    at32f413_crm.o(.ARM.exidx.text.crm_usb_interrupt_remapping_set) refers to at32f413_crm.o(.text.crm_usb_interrupt_remapping_set) for [Anonymous Symbol]
    at32f413_crm.o(.ARM.exidx.text.crm_hick_divider_select) refers to at32f413_crm.o(.text.crm_hick_divider_select) for [Anonymous Symbol]
    at32f413_crm.o(.text.crm_hick_sclk_frequency_select) refers to at32f413_crm.o(.text.crm_hick_divider_select) for crm_hick_divider_select
    at32f413_crm.o(.ARM.exidx.text.crm_hick_sclk_frequency_select) refers to at32f413_crm.o(.text.crm_hick_sclk_frequency_select) for [Anonymous Symbol]
    at32f413_crm.o(.text.crm_usb_clock_source_select) refers to at32f413_crm.o(.text.crm_hick_sclk_frequency_select) for crm_hick_sclk_frequency_select
    at32f413_crm.o(.ARM.exidx.text.crm_usb_clock_source_select) refers to at32f413_crm.o(.text.crm_usb_clock_source_select) for [Anonymous Symbol]
    at32f413_crm.o(.ARM.exidx.text.crm_clkout_to_tmr10_enable) refers to at32f413_crm.o(.text.crm_clkout_to_tmr10_enable) for [Anonymous Symbol]
    at32f413_crm.o(.ARM.exidx.text.crm_clkout_div_set) refers to at32f413_crm.o(.text.crm_clkout_div_set) for [Anonymous Symbol]
    at32f413_dma.o(.ARM.exidx.text.dma_reset) refers to at32f413_dma.o(.text.dma_reset) for [Anonymous Symbol]
    at32f413_dma.o(.ARM.exidx.text.dma_data_number_set) refers to at32f413_dma.o(.text.dma_data_number_set) for [Anonymous Symbol]
    at32f413_dma.o(.ARM.exidx.text.dma_data_number_get) refers to at32f413_dma.o(.text.dma_data_number_get) for [Anonymous Symbol]
    at32f413_dma.o(.ARM.exidx.text.dma_interrupt_enable) refers to at32f413_dma.o(.text.dma_interrupt_enable) for [Anonymous Symbol]
    at32f413_dma.o(.ARM.exidx.text.dma_channel_enable) refers to at32f413_dma.o(.text.dma_channel_enable) for [Anonymous Symbol]
    at32f413_dma.o(.ARM.exidx.text.dma_flexible_config) refers to at32f413_dma.o(.text.dma_flexible_config) for [Anonymous Symbol]
    at32f413_dma.o(.ARM.exidx.text.dma_interrupt_flag_get) refers to at32f413_dma.o(.text.dma_interrupt_flag_get) for [Anonymous Symbol]
    at32f413_dma.o(.ARM.exidx.text.dma_flag_get) refers to at32f413_dma.o(.text.dma_flag_get) for [Anonymous Symbol]
    at32f413_dma.o(.ARM.exidx.text.dma_flag_clear) refers to at32f413_dma.o(.text.dma_flag_clear) for [Anonymous Symbol]
    at32f413_dma.o(.ARM.exidx.text.dma_default_para_init) refers to at32f413_dma.o(.text.dma_default_para_init) for [Anonymous Symbol]
    at32f413_dma.o(.ARM.exidx.text.dma_init) refers to at32f413_dma.o(.text.dma_init) for [Anonymous Symbol]
    at32f413_gpio.o(.text.gpio_reset) refers to at32f413_crm.o(.text.crm_periph_reset) for crm_periph_reset
    at32f413_gpio.o(.ARM.exidx.text.gpio_reset) refers to at32f413_gpio.o(.text.gpio_reset) for [Anonymous Symbol]
    at32f413_gpio.o(.text.gpio_iomux_reset) refers to at32f413_crm.o(.text.crm_periph_reset) for crm_periph_reset
    at32f413_gpio.o(.ARM.exidx.text.gpio_iomux_reset) refers to at32f413_gpio.o(.text.gpio_iomux_reset) for [Anonymous Symbol]
    at32f413_gpio.o(.ARM.exidx.text.gpio_init) refers to at32f413_gpio.o(.text.gpio_init) for [Anonymous Symbol]
    at32f413_gpio.o(.ARM.exidx.text.gpio_default_para_init) refers to at32f413_gpio.o(.text.gpio_default_para_init) for [Anonymous Symbol]
    at32f413_gpio.o(.ARM.exidx.text.gpio_input_data_bit_read) refers to at32f413_gpio.o(.text.gpio_input_data_bit_read) for [Anonymous Symbol]
    at32f413_gpio.o(.ARM.exidx.text.gpio_input_data_read) refers to at32f413_gpio.o(.text.gpio_input_data_read) for [Anonymous Symbol]
    at32f413_gpio.o(.ARM.exidx.text.gpio_output_data_bit_read) refers to at32f413_gpio.o(.text.gpio_output_data_bit_read) for [Anonymous Symbol]
    at32f413_gpio.o(.ARM.exidx.text.gpio_output_data_read) refers to at32f413_gpio.o(.text.gpio_output_data_read) for [Anonymous Symbol]
    at32f413_gpio.o(.ARM.exidx.text.gpio_bits_set) refers to at32f413_gpio.o(.text.gpio_bits_set) for [Anonymous Symbol]
    at32f413_gpio.o(.ARM.exidx.text.gpio_bits_reset) refers to at32f413_gpio.o(.text.gpio_bits_reset) for [Anonymous Symbol]
    at32f413_gpio.o(.ARM.exidx.text.gpio_bits_write) refers to at32f413_gpio.o(.text.gpio_bits_write) for [Anonymous Symbol]
    at32f413_gpio.o(.ARM.exidx.text.gpio_port_write) refers to at32f413_gpio.o(.text.gpio_port_write) for [Anonymous Symbol]
    at32f413_gpio.o(.ARM.exidx.text.gpio_pin_wp_config) refers to at32f413_gpio.o(.text.gpio_pin_wp_config) for [Anonymous Symbol]
    at32f413_gpio.o(.ARM.exidx.text.gpio_event_output_config) refers to at32f413_gpio.o(.text.gpio_event_output_config) for [Anonymous Symbol]
    at32f413_gpio.o(.ARM.exidx.text.gpio_event_output_enable) refers to at32f413_gpio.o(.text.gpio_event_output_enable) for [Anonymous Symbol]
    at32f413_gpio.o(.ARM.exidx.text.gpio_pin_remap_config) refers to at32f413_gpio.o(.text.gpio_pin_remap_config) for [Anonymous Symbol]
    at32f413_gpio.o(.ARM.exidx.text.gpio_exint_line_config) refers to at32f413_gpio.o(.text.gpio_exint_line_config) for [Anonymous Symbol]
    at32f413_i2c.o(.text.i2c_reset) refers to at32f413_crm.o(.text.crm_periph_reset) for crm_periph_reset
    at32f413_i2c.o(.ARM.exidx.text.i2c_reset) refers to at32f413_i2c.o(.text.i2c_reset) for [Anonymous Symbol]
    at32f413_i2c.o(.ARM.exidx.text.i2c_software_reset) refers to at32f413_i2c.o(.text.i2c_software_reset) for [Anonymous Symbol]
    at32f413_i2c.o(.text.i2c_init) refers to at32f413_crm.o(.text.crm_clocks_freq_get) for crm_clocks_freq_get
    at32f413_i2c.o(.ARM.exidx.text.i2c_init) refers to at32f413_i2c.o(.text.i2c_init) for [Anonymous Symbol]
    at32f413_i2c.o(.ARM.exidx.text.i2c_own_address1_set) refers to at32f413_i2c.o(.text.i2c_own_address1_set) for [Anonymous Symbol]
    at32f413_i2c.o(.ARM.exidx.text.i2c_own_address2_set) refers to at32f413_i2c.o(.text.i2c_own_address2_set) for [Anonymous Symbol]
    at32f413_i2c.o(.ARM.exidx.text.i2c_own_address2_enable) refers to at32f413_i2c.o(.text.i2c_own_address2_enable) for [Anonymous Symbol]
    at32f413_i2c.o(.ARM.exidx.text.i2c_smbus_enable) refers to at32f413_i2c.o(.text.i2c_smbus_enable) for [Anonymous Symbol]
    at32f413_i2c.o(.ARM.exidx.text.i2c_enable) refers to at32f413_i2c.o(.text.i2c_enable) for [Anonymous Symbol]
    at32f413_i2c.o(.ARM.exidx.text.i2c_fast_mode_duty_set) refers to at32f413_i2c.o(.text.i2c_fast_mode_duty_set) for [Anonymous Symbol]
    at32f413_i2c.o(.ARM.exidx.text.i2c_clock_stretch_enable) refers to at32f413_i2c.o(.text.i2c_clock_stretch_enable) for [Anonymous Symbol]
    at32f413_i2c.o(.ARM.exidx.text.i2c_ack_enable) refers to at32f413_i2c.o(.text.i2c_ack_enable) for [Anonymous Symbol]
    at32f413_i2c.o(.ARM.exidx.text.i2c_master_receive_ack_set) refers to at32f413_i2c.o(.text.i2c_master_receive_ack_set) for [Anonymous Symbol]
    at32f413_i2c.o(.ARM.exidx.text.i2c_pec_position_set) refers to at32f413_i2c.o(.text.i2c_pec_position_set) for [Anonymous Symbol]
    at32f413_i2c.o(.ARM.exidx.text.i2c_general_call_enable) refers to at32f413_i2c.o(.text.i2c_general_call_enable) for [Anonymous Symbol]
    at32f413_i2c.o(.ARM.exidx.text.i2c_arp_mode_enable) refers to at32f413_i2c.o(.text.i2c_arp_mode_enable) for [Anonymous Symbol]
    at32f413_i2c.o(.ARM.exidx.text.i2c_smbus_mode_set) refers to at32f413_i2c.o(.text.i2c_smbus_mode_set) for [Anonymous Symbol]
    at32f413_i2c.o(.ARM.exidx.text.i2c_smbus_alert_set) refers to at32f413_i2c.o(.text.i2c_smbus_alert_set) for [Anonymous Symbol]
    at32f413_i2c.o(.ARM.exidx.text.i2c_pec_transmit_enable) refers to at32f413_i2c.o(.text.i2c_pec_transmit_enable) for [Anonymous Symbol]
    at32f413_i2c.o(.ARM.exidx.text.i2c_pec_calculate_enable) refers to at32f413_i2c.o(.text.i2c_pec_calculate_enable) for [Anonymous Symbol]
    at32f413_i2c.o(.ARM.exidx.text.i2c_pec_value_get) refers to at32f413_i2c.o(.text.i2c_pec_value_get) for [Anonymous Symbol]
    at32f413_i2c.o(.ARM.exidx.text.i2c_dma_end_transfer_set) refers to at32f413_i2c.o(.text.i2c_dma_end_transfer_set) for [Anonymous Symbol]
    at32f413_i2c.o(.ARM.exidx.text.i2c_dma_enable) refers to at32f413_i2c.o(.text.i2c_dma_enable) for [Anonymous Symbol]
    at32f413_i2c.o(.ARM.exidx.text.i2c_interrupt_enable) refers to at32f413_i2c.o(.text.i2c_interrupt_enable) for [Anonymous Symbol]
    at32f413_i2c.o(.ARM.exidx.text.i2c_start_generate) refers to at32f413_i2c.o(.text.i2c_start_generate) for [Anonymous Symbol]
    at32f413_i2c.o(.ARM.exidx.text.i2c_stop_generate) refers to at32f413_i2c.o(.text.i2c_stop_generate) for [Anonymous Symbol]
    at32f413_i2c.o(.ARM.exidx.text.i2c_7bit_address_send) refers to at32f413_i2c.o(.text.i2c_7bit_address_send) for [Anonymous Symbol]
    at32f413_i2c.o(.ARM.exidx.text.i2c_data_send) refers to at32f413_i2c.o(.text.i2c_data_send) for [Anonymous Symbol]
    at32f413_i2c.o(.ARM.exidx.text.i2c_data_receive) refers to at32f413_i2c.o(.text.i2c_data_receive) for [Anonymous Symbol]
    at32f413_i2c.o(.ARM.exidx.text.i2c_flag_get) refers to at32f413_i2c.o(.text.i2c_flag_get) for [Anonymous Symbol]
    at32f413_i2c.o(.ARM.exidx.text.i2c_interrupt_flag_get) refers to at32f413_i2c.o(.text.i2c_interrupt_flag_get) for [Anonymous Symbol]
    at32f413_i2c.o(.ARM.exidx.text.i2c_flag_clear) refers to at32f413_i2c.o(.text.i2c_flag_clear) for [Anonymous Symbol]
    at32f413_misc.o(.text.nvic_system_reset) refers to at32f413_misc.o(.text.__NVIC_SystemReset) for __NVIC_SystemReset
    at32f413_misc.o(.ARM.exidx.text.nvic_system_reset) refers to at32f413_misc.o(.text.nvic_system_reset) for [Anonymous Symbol]
    at32f413_misc.o(.ARM.exidx.text.__NVIC_SystemReset) refers to at32f413_misc.o(.text.__NVIC_SystemReset) for [Anonymous Symbol]
    at32f413_misc.o(.text.nvic_irq_enable) refers to at32f413_misc.o(.text.__NVIC_GetPriorityGrouping) for __NVIC_GetPriorityGrouping
    at32f413_misc.o(.text.nvic_irq_enable) refers to at32f413_misc.o(.text.NVIC_EncodePriority) for NVIC_EncodePriority
    at32f413_misc.o(.text.nvic_irq_enable) refers to at32f413_misc.o(.text.__NVIC_SetPriority) for __NVIC_SetPriority
    at32f413_misc.o(.text.nvic_irq_enable) refers to at32f413_misc.o(.text.__NVIC_EnableIRQ) for __NVIC_EnableIRQ
    at32f413_misc.o(.ARM.exidx.text.nvic_irq_enable) refers to at32f413_misc.o(.text.nvic_irq_enable) for [Anonymous Symbol]
    at32f413_misc.o(.ARM.exidx.text.NVIC_EncodePriority) refers to at32f413_misc.o(.text.NVIC_EncodePriority) for [Anonymous Symbol]
    at32f413_misc.o(.ARM.exidx.text.__NVIC_GetPriorityGrouping) refers to at32f413_misc.o(.text.__NVIC_GetPriorityGrouping) for [Anonymous Symbol]
    at32f413_misc.o(.ARM.exidx.text.__NVIC_SetPriority) refers to at32f413_misc.o(.text.__NVIC_SetPriority) for [Anonymous Symbol]
    at32f413_misc.o(.ARM.exidx.text.__NVIC_EnableIRQ) refers to at32f413_misc.o(.text.__NVIC_EnableIRQ) for [Anonymous Symbol]
    at32f413_misc.o(.text.nvic_irq_disable) refers to at32f413_misc.o(.text.__NVIC_DisableIRQ) for __NVIC_DisableIRQ
    at32f413_misc.o(.ARM.exidx.text.nvic_irq_disable) refers to at32f413_misc.o(.text.nvic_irq_disable) for [Anonymous Symbol]
    at32f413_misc.o(.ARM.exidx.text.__NVIC_DisableIRQ) refers to at32f413_misc.o(.text.__NVIC_DisableIRQ) for [Anonymous Symbol]
    at32f413_misc.o(.text.nvic_priority_group_config) refers to at32f413_misc.o(.text.__NVIC_SetPriorityGrouping) for __NVIC_SetPriorityGrouping
    at32f413_misc.o(.ARM.exidx.text.nvic_priority_group_config) refers to at32f413_misc.o(.text.nvic_priority_group_config) for [Anonymous Symbol]
    at32f413_misc.o(.ARM.exidx.text.__NVIC_SetPriorityGrouping) refers to at32f413_misc.o(.text.__NVIC_SetPriorityGrouping) for [Anonymous Symbol]
    at32f413_misc.o(.ARM.exidx.text.nvic_vector_table_set) refers to at32f413_misc.o(.text.nvic_vector_table_set) for [Anonymous Symbol]
    at32f413_misc.o(.ARM.exidx.text.nvic_lowpower_mode_config) refers to at32f413_misc.o(.text.nvic_lowpower_mode_config) for [Anonymous Symbol]
    at32f413_misc.o(.ARM.exidx.text.systick_clock_source_config) refers to at32f413_misc.o(.text.systick_clock_source_config) for [Anonymous Symbol]
    startup_at32f413.o(STACK) refers (Special) to heapauxi.o(.text) for __use_two_region_memory
    startup_at32f413.o(HEAP) refers (Special) to heapauxi.o(.text) for __use_two_region_memory
    startup_at32f413.o(RESET) refers (Special) to heapauxi.o(.text) for __use_two_region_memory
    startup_at32f413.o(RESET) refers to startup_at32f413.o(STACK) for __initial_sp
    startup_at32f413.o(RESET) refers to startup_at32f413.o(.text) for Reset_Handler
    startup_at32f413.o(.text) refers (Special) to heapauxi.o(.text) for __use_two_region_memory
    startup_at32f413.o(.text) refers to system_at32f413.o(.text.SystemInit) for SystemInit
    startup_at32f413.o(.text) refers to __main.o(!!!main) for __main
    startup_at32f413.o(.text) refers to startup_at32f413.o(HEAP) for Heap_Mem
    startup_at32f413.o(.text) refers to startup_at32f413.o(STACK) for Stack_Mem
    system_at32f413.o(.ARM.exidx.text.SystemInit) refers to system_at32f413.o(.text.SystemInit) for [Anonymous Symbol]
    system_at32f413.o(.text.system_core_clock_update) refers to at32f413_crm.o(.text.crm_sysclk_switch_status_get) for crm_sysclk_switch_status_get
    system_at32f413.o(.text.system_core_clock_update) refers to system_at32f413.o(.data.system_core_clock) for system_core_clock
    system_at32f413.o(.text.system_core_clock_update) refers to system_at32f413.o(.rodata.system_core_clock_update.sys_ahb_div_table) for system_core_clock_update.sys_ahb_div_table
    system_at32f413.o(.ARM.exidx.text.system_core_clock_update) refers to system_at32f413.o(.text.system_core_clock_update) for [Anonymous Symbol]
    rt_memcpy_v6.o(.text) refers to rt_memcpy_w.o(.text) for __aeabi_memcpy4
    aeabi_memset.o(.text) refers to rt_memclr.o(.text) for _memset
    __main.o(!!!main) refers to __rtentry.o(.ARM.Collect$$rtentry$$00000000) for __rt_entry
    cosf.o(i.__hardfp_cosf) refers (Special) to usenofp.o(x$fpl$usenofp) for __I$use$fp
    cosf.o(i.__hardfp_cosf) refers to rredf.o(i.__mathlib_rredf2) for __mathlib_rredf2
    cosf.o(i.__hardfp_cosf) refers to _rserrno.o(.text) for __set_errno
    cosf.o(i.__hardfp_cosf) refers to funder.o(i.__mathlib_flt_invalid) for __mathlib_flt_invalid
    cosf.o(i.__hardfp_cosf) refers to funder.o(i.__mathlib_flt_infnan) for __mathlib_flt_infnan
    cosf.o(i.__softfp_cosf) refers (Special) to usenofp.o(x$fpl$usenofp) for __I$use$fp
    cosf.o(i.__softfp_cosf) refers to cosf.o(i.__hardfp_cosf) for __hardfp_cosf
    cosf.o(i.cosf) refers (Special) to usenofp.o(x$fpl$usenofp) for __I$use$fp
    cosf.o(i.cosf) refers to cosf.o(i.__hardfp_cosf) for __hardfp_cosf
    cosf_x.o(i.____hardfp_cosf$lsc) refers (Special) to usenofp.o(x$fpl$usenofp) for __I$use$fp
    cosf_x.o(i.____hardfp_cosf$lsc) refers to rredf.o(i.__mathlib_rredf2) for __mathlib_rredf2
    cosf_x.o(i.____hardfp_cosf$lsc) refers to _rserrno.o(.text) for __set_errno
    cosf_x.o(i.____hardfp_cosf$lsc) refers to funder.o(i.__mathlib_flt_infnan) for __mathlib_flt_infnan
    cosf_x.o(i.____softfp_cosf$lsc) refers (Special) to usenofp.o(x$fpl$usenofp) for __I$use$fp
    cosf_x.o(i.____softfp_cosf$lsc) refers to cosf_x.o(i.____hardfp_cosf$lsc) for ____hardfp_cosf$lsc
    cosf_x.o(i.__cosf$lsc) refers (Special) to usenofp.o(x$fpl$usenofp) for __I$use$fp
    cosf_x.o(i.__cosf$lsc) refers to cosf_x.o(i.____hardfp_cosf$lsc) for ____hardfp_cosf$lsc
    sinf.o(i.__hardfp_sinf) refers (Special) to usenofp.o(x$fpl$usenofp) for __I$use$fp
    sinf.o(i.__hardfp_sinf) refers to rredf.o(i.__mathlib_rredf2) for __mathlib_rredf2
    sinf.o(i.__hardfp_sinf) refers to fpclassifyf.o(i.__ARM_fpclassifyf) for __ARM_fpclassifyf
    sinf.o(i.__hardfp_sinf) refers to funder.o(i.__mathlib_flt_underflow) for __mathlib_flt_underflow
    sinf.o(i.__hardfp_sinf) refers to _rserrno.o(.text) for __set_errno
    sinf.o(i.__hardfp_sinf) refers to funder.o(i.__mathlib_flt_invalid) for __mathlib_flt_invalid
    sinf.o(i.__hardfp_sinf) refers to funder.o(i.__mathlib_flt_infnan) for __mathlib_flt_infnan
    sinf.o(i.__softfp_sinf) refers (Special) to usenofp.o(x$fpl$usenofp) for __I$use$fp
    sinf.o(i.__softfp_sinf) refers to sinf.o(i.__hardfp_sinf) for __hardfp_sinf
    sinf.o(i.sinf) refers (Special) to usenofp.o(x$fpl$usenofp) for __I$use$fp
    sinf.o(i.sinf) refers to sinf.o(i.__hardfp_sinf) for __hardfp_sinf
    sinf_x.o(i.____hardfp_sinf$lsc) refers (Special) to usenofp.o(x$fpl$usenofp) for __I$use$fp
    sinf_x.o(i.____hardfp_sinf$lsc) refers to rredf.o(i.__mathlib_rredf2) for __mathlib_rredf2
    sinf_x.o(i.____hardfp_sinf$lsc) refers to _rserrno.o(.text) for __set_errno
    sinf_x.o(i.____hardfp_sinf$lsc) refers to funder.o(i.__mathlib_flt_infnan) for __mathlib_flt_infnan
    sinf_x.o(i.____softfp_sinf$lsc) refers (Special) to usenofp.o(x$fpl$usenofp) for __I$use$fp
    sinf_x.o(i.____softfp_sinf$lsc) refers to sinf_x.o(i.____hardfp_sinf$lsc) for ____hardfp_sinf$lsc
    sinf_x.o(i.__sinf$lsc) refers (Special) to usenofp.o(x$fpl$usenofp) for __I$use$fp
    sinf_x.o(i.__sinf$lsc) refers to sinf_x.o(i.____hardfp_sinf$lsc) for ____hardfp_sinf$lsc
    __rtentry.o(.ARM.Collect$$rtentry$$00000000) refers (Special) to __rtentry2.o(.ARM.Collect$$rtentry$$0000000A) for __rt_entry_li
    __rtentry.o(.ARM.Collect$$rtentry$$00000000) refers (Special) to __rtentry2.o(.ARM.Collect$$rtentry$$0000000D) for __rt_entry_main
    __rtentry.o(.ARM.Collect$$rtentry$$00000000) refers (Special) to __rtentry2.o(.ARM.Collect$$rtentry$$0000000C) for __rt_entry_postli_1
    __rtentry.o(.ARM.Collect$$rtentry$$00000000) refers (Special) to __rtentry2.o(.ARM.Collect$$rtentry$$00000009) for __rt_entry_postsh_1
    __rtentry.o(.ARM.Collect$$rtentry$$00000000) refers (Special) to __rtentry2.o(.ARM.Collect$$rtentry$$00000002) for __rt_entry_presh_1
    __rtentry.o(.ARM.Collect$$rtentry$$00000000) refers (Special) to __rtentry4.o(.ARM.Collect$$rtentry$$00000004) for __rt_entry_sh
    _rserrno.o(.text) refers to rt_errno_addr_intlibspace.o(.text) for __aeabi_errno_addr
    rt_memclr.o(.text) refers to rt_memclr_w.o(.text) for _memset_w
    fpclassifyf.o(i.__ARM_fpclassifyf) refers (Special) to usenofp.o(x$fpl$usenofp) for __I$use$fp
    rredf.o(i.__mathlib_rredf2) refers (Special) to usenofp.o(x$fpl$usenofp) for __I$use$fp
    rredf.o(i.__mathlib_rredf2) refers to rredf.o(.constdata) for .constdata
    rredf.o(.constdata) refers (Special) to usenofp.o(x$fpl$usenofp) for __I$use$fp
    __rtentry2.o(.ARM.Collect$$rtentry$$00000008) refers to boardinit2.o(.text) for _platform_post_stackheap_init
    __rtentry2.o(.ARM.Collect$$rtentry$$0000000A) refers to libinit.o(.ARM.Collect$$libinit$$00000000) for __rt_lib_init
    __rtentry2.o(.ARM.Collect$$rtentry$$0000000B) refers to boardinit3.o(.text) for _platform_post_lib_init
    __rtentry2.o(.ARM.Collect$$rtentry$$0000000D) refers to main.o(.text.main) for main
    __rtentry2.o(.ARM.Collect$$rtentry$$0000000D) refers to exit.o(.text) for exit
    __rtentry2.o(.ARM.exidx) refers to __rtentry2.o(.ARM.Collect$$rtentry$$00000001) for .ARM.Collect$$rtentry$$00000001
    __rtentry2.o(.ARM.exidx) refers to __rtentry2.o(.ARM.Collect$$rtentry$$00000008) for .ARM.Collect$$rtentry$$00000008
    __rtentry2.o(.ARM.exidx) refers to __rtentry2.o(.ARM.Collect$$rtentry$$0000000A) for .ARM.Collect$$rtentry$$0000000A
    __rtentry2.o(.ARM.exidx) refers to __rtentry2.o(.ARM.Collect$$rtentry$$0000000B) for .ARM.Collect$$rtentry$$0000000B
    __rtentry2.o(.ARM.exidx) refers to __rtentry2.o(.ARM.Collect$$rtentry$$0000000D) for .ARM.Collect$$rtentry$$0000000D
    __rtentry4.o(.ARM.Collect$$rtentry$$00000004) refers to sys_stackheap_outer.o(.text) for __user_setup_stackheap
    __rtentry4.o(.ARM.exidx) refers to __rtentry4.o(.ARM.Collect$$rtentry$$00000004) for .ARM.Collect$$rtentry$$00000004
    rt_errno_addr.o(.text) refers to rt_errno_addr.o(.bss) for __aeabi_errno_addr_data
    rt_errno_addr_intlibspace.o(.text) refers to libspace.o(.bss) for __libspace_start
    libspace.o(.text) refers to libspace.o(.bss) for __libspace_start
    sys_stackheap_outer.o(.text) refers to libspace.o(.text) for __user_perproc_libspace
    sys_stackheap_outer.o(.text) refers to startup_at32f413.o(.text) for __user_initial_stackheap
    exit.o(.text) refers to rtexit.o(.ARM.Collect$$rtexit$$00000000) for __rt_exit
    libinit.o(.ARM.Collect$$libinit$$00000000) refers (Special) to libinit2.o(.ARM.Collect$$libinit$$0000002E) for __rt_lib_init_alloca_1
    libinit.o(.ARM.Collect$$libinit$$00000000) refers (Special) to libinit2.o(.ARM.Collect$$libinit$$00000027) for __rt_lib_init_argv_1
    libinit.o(.ARM.Collect$$libinit$$00000000) refers (Special) to libinit2.o(.ARM.Collect$$libinit$$0000001B) for __rt_lib_init_atexit_1
    libinit.o(.ARM.Collect$$libinit$$00000000) refers (Special) to libinit2.o(.ARM.Collect$$libinit$$00000021) for __rt_lib_init_clock_1
    libinit.o(.ARM.Collect$$libinit$$00000000) refers (Special) to libinit2.o(.ARM.Collect$$libinit$$00000032) for __rt_lib_init_cpp_1
    libinit.o(.ARM.Collect$$libinit$$00000000) refers (Special) to libinit2.o(.ARM.Collect$$libinit$$00000030) for __rt_lib_init_exceptions_1
    libinit.o(.ARM.Collect$$libinit$$00000000) refers (Special) to libinit2.o(.ARM.Collect$$libinit$$00000001) for __rt_lib_init_fp_1
    libinit.o(.ARM.Collect$$libinit$$00000000) refers (Special) to libinit2.o(.ARM.Collect$$libinit$$0000001F) for __rt_lib_init_fp_trap_1
    libinit.o(.ARM.Collect$$libinit$$00000000) refers (Special) to libinit2.o(.ARM.Collect$$libinit$$00000023) for __rt_lib_init_getenv_1
    libinit.o(.ARM.Collect$$libinit$$00000000) refers (Special) to libinit2.o(.ARM.Collect$$libinit$$0000000A) for __rt_lib_init_heap_1
    libinit.o(.ARM.Collect$$libinit$$00000000) refers (Special) to libinit2.o(.ARM.Collect$$libinit$$00000011) for __rt_lib_init_lc_collate_1
    libinit.o(.ARM.Collect$$libinit$$00000000) refers (Special) to libinit2.o(.ARM.Collect$$libinit$$00000013) for __rt_lib_init_lc_ctype_1
    libinit.o(.ARM.Collect$$libinit$$00000000) refers (Special) to libinit2.o(.ARM.Collect$$libinit$$00000015) for __rt_lib_init_lc_monetary_1
    libinit.o(.ARM.Collect$$libinit$$00000000) refers (Special) to libinit2.o(.ARM.Collect$$libinit$$00000017) for __rt_lib_init_lc_numeric_1
    libinit.o(.ARM.Collect$$libinit$$00000000) refers (Special) to libinit2.o(.ARM.Collect$$libinit$$00000019) for __rt_lib_init_lc_time_1
    libinit.o(.ARM.Collect$$libinit$$00000000) refers (Special) to libinit2.o(.ARM.Collect$$libinit$$00000004) for __rt_lib_init_preinit_1
    libinit.o(.ARM.Collect$$libinit$$00000000) refers (Special) to libinit2.o(.ARM.Collect$$libinit$$0000000E) for __rt_lib_init_rand_1
    libinit.o(.ARM.Collect$$libinit$$00000000) refers (Special) to libinit2.o(.ARM.Collect$$libinit$$00000033) for __rt_lib_init_return
    libinit.o(.ARM.Collect$$libinit$$00000000) refers (Special) to libinit2.o(.ARM.Collect$$libinit$$0000001D) for __rt_lib_init_signal_1
    libinit.o(.ARM.Collect$$libinit$$00000000) refers (Special) to libinit2.o(.ARM.Collect$$libinit$$00000025) for __rt_lib_init_stdio_1
    libinit.o(.ARM.Collect$$libinit$$00000000) refers (Special) to libinit2.o(.ARM.Collect$$libinit$$0000000C) for __rt_lib_init_user_alloc_1
    rtexit.o(.ARM.Collect$$rtexit$$00000000) refers (Special) to rtexit2.o(.ARM.Collect$$rtexit$$00000004) for __rt_exit_exit
    rtexit.o(.ARM.Collect$$rtexit$$00000000) refers (Special) to rtexit2.o(.ARM.Collect$$rtexit$$00000003) for __rt_exit_ls
    rtexit.o(.ARM.Collect$$rtexit$$00000000) refers (Special) to rtexit2.o(.ARM.Collect$$rtexit$$00000002) for __rt_exit_prels_1
    rtexit.o(.ARM.exidx) refers (Special) to rtexit2.o(.ARM.Collect$$rtexit$$00000004) for __rt_exit_exit
    rtexit.o(.ARM.exidx) refers (Special) to rtexit2.o(.ARM.Collect$$rtexit$$00000003) for __rt_exit_ls
    rtexit.o(.ARM.exidx) refers (Special) to rtexit2.o(.ARM.Collect$$rtexit$$00000002) for __rt_exit_prels_1
    rtexit.o(.ARM.exidx) refers to rtexit.o(.ARM.Collect$$rtexit$$00000000) for .ARM.Collect$$rtexit$$00000000
    libinit2.o(.ARM.Collect$$libinit$$00000001) refers to fpinit.o(x$fpl$fpinit) for _fp_init
    libinit2.o(.ARM.Collect$$libinit$$00000010) refers to libinit2.o(.ARM.Collect$$libinit$$0000000F) for .ARM.Collect$$libinit$$0000000F
    libinit2.o(.ARM.Collect$$libinit$$00000012) refers to libinit2.o(.ARM.Collect$$libinit$$0000000F) for .ARM.Collect$$libinit$$0000000F
    libinit2.o(.ARM.Collect$$libinit$$00000014) refers to libinit2.o(.ARM.Collect$$libinit$$0000000F) for .ARM.Collect$$libinit$$0000000F
    libinit2.o(.ARM.Collect$$libinit$$00000016) refers to libinit2.o(.ARM.Collect$$libinit$$0000000F) for .ARM.Collect$$libinit$$0000000F
    libinit2.o(.ARM.Collect$$libinit$$00000018) refers to libinit2.o(.ARM.Collect$$libinit$$0000000F) for .ARM.Collect$$libinit$$0000000F
    libinit2.o(.ARM.Collect$$libinit$$00000026) refers to argv_veneer.o(.emb_text) for __ARM_argv_veneer
    libinit2.o(.ARM.Collect$$libinit$$00000027) refers to argv_veneer.o(.emb_text) for __ARM_argv_veneer
    rtexit2.o(.ARM.Collect$$rtexit$$00000003) refers to libshutdown.o(.ARM.Collect$$libshutdown$$00000000) for __rt_lib_shutdown
    rtexit2.o(.ARM.Collect$$rtexit$$00000004) refers to sys_exit.o(.text) for _sys_exit
    rtexit2.o(.ARM.exidx) refers to rtexit2.o(.ARM.Collect$$rtexit$$00000001) for .ARM.Collect$$rtexit$$00000001
    rtexit2.o(.ARM.exidx) refers to rtexit2.o(.ARM.Collect$$rtexit$$00000003) for .ARM.Collect$$rtexit$$00000003
    rtexit2.o(.ARM.exidx) refers to rtexit2.o(.ARM.Collect$$rtexit$$00000004) for .ARM.Collect$$rtexit$$00000004
    argv_veneer.o(.emb_text) refers to _get_argv_nomalloc.o(.text) for __ARM_get_argv
    sys_exit.o(.text) refers (Special) to use_no_semi.o(.text) for __I$use$semihosting
    sys_exit.o(.text) refers (Special) to indicate_semi.o(.text) for __semihosting_library_function
    sys_exit_hlt.o(.text) refers (Special) to use_no_semi.o(.text) for __I$use$semihosting
    sys_exit_hlt.o(.text) refers (Special) to indicate_semi.o(.text) for __semihosting_library_function
    _get_argv_nomalloc.o(.text) refers (Special) to hrguard.o(.text) for __heap_region$guard
    _get_argv_nomalloc.o(.text) refers to defsig_rtmem_outer.o(.text) for __rt_SIGRTMEM
    _get_argv_nomalloc.o(.text) refers to sys_command.o(.text) for _sys_command_string
    libshutdown.o(.ARM.Collect$$libshutdown$$00000000) refers (Special) to libshutdown2.o(.ARM.Collect$$libshutdown$$00000002) for __rt_lib_shutdown_cpp_1
    libshutdown.o(.ARM.Collect$$libshutdown$$00000000) refers (Special) to libshutdown2.o(.ARM.Collect$$libshutdown$$00000007) for __rt_lib_shutdown_fp_trap_1
    libshutdown.o(.ARM.Collect$$libshutdown$$00000000) refers (Special) to libshutdown2.o(.ARM.Collect$$libshutdown$$0000000F) for __rt_lib_shutdown_heap_1
    libshutdown.o(.ARM.Collect$$libshutdown$$00000000) refers (Special) to libshutdown2.o(.ARM.Collect$$libshutdown$$00000010) for __rt_lib_shutdown_return
    libshutdown.o(.ARM.Collect$$libshutdown$$00000000) refers (Special) to libshutdown2.o(.ARM.Collect$$libshutdown$$0000000A) for __rt_lib_shutdown_signal_1
    libshutdown.o(.ARM.Collect$$libshutdown$$00000000) refers (Special) to libshutdown2.o(.ARM.Collect$$libshutdown$$00000004) for __rt_lib_shutdown_stdio_1
    libshutdown.o(.ARM.Collect$$libshutdown$$00000000) refers (Special) to libshutdown2.o(.ARM.Collect$$libshutdown$$0000000C) for __rt_lib_shutdown_user_alloc_1
    sys_command.o(.text) refers (Special) to use_no_semi.o(.text) for __I$use$semihosting
    sys_command.o(.text) refers (Special) to indicate_semi.o(.text) for __semihosting_library_function
    sys_command_hlt.o(.text) refers (Special) to use_no_semi.o(.text) for __I$use$semihosting
    sys_command_hlt.o(.text) refers (Special) to indicate_semi.o(.text) for __semihosting_library_function
    defsig_rtmem_outer.o(.text) refers to defsig_rtmem_inner.o(.text) for __rt_SIGRTMEM_inner
    defsig_rtmem_outer.o(.text) refers to defsig_exit.o(.text) for __sig_exit
    defsig_rtmem_formal.o(.text) refers to rt_raise.o(.text) for __rt_raise
    rt_raise.o(.text) refers to __raise.o(.text) for __raise
    rt_raise.o(.text) refers to sys_exit.o(.text) for _sys_exit
    defsig_exit.o(.text) refers to sys_exit.o(.text) for _sys_exit
    defsig_rtmem_inner.o(.text) refers to defsig_general.o(.text) for __default_signal_display
    __raise.o(.text) refers to defsig.o(CL$$defsig) for __default_signal_handler
    defsig_general.o(.text) refers to sys_wrch.o(.text) for _ttywrch
    sys_wrch.o(.text) refers (Special) to use_no_semi.o(.text) for __I$use$semihosting
    sys_wrch.o(.text) refers (Special) to indicate_semi.o(.text) for __semihosting_library_function
    sys_wrch_hlt.o(.text) refers (Special) to use_no_semi.o(.text) for __I$use$semihosting
    sys_wrch_hlt.o(.text) refers (Special) to indicate_semi.o(.text) for __semihosting_library_function
    defsig.o(CL$$defsig) refers to defsig_rtmem_inner.o(.text) for __rt_SIGRTMEM_inner
    defsig_abrt_inner.o(.text) refers to defsig_general.o(.text) for __default_signal_display
    defsig_fpe_inner.o(.text) refers to defsig_general.o(.text) for __default_signal_display
    defsig_rtred_inner.o(.text) refers to defsig_general.o(.text) for __default_signal_display
    defsig_stak_inner.o(.text) refers to defsig_general.o(.text) for __default_signal_display
    defsig_pvfn_inner.o(.text) refers to defsig_general.o(.text) for __default_signal_display
    defsig_cppl_inner.o(.text) refers to defsig_general.o(.text) for __default_signal_display
    defsig_segv_inner.o(.text) refers to defsig_general.o(.text) for __default_signal_display
    defsig_other.o(.text) refers to defsig_general.o(.text) for __default_signal_display

